Archive member included to satisfy reference by file (symbol)

../src/ASF/thirdparty/wireless/ble_smart_sdk/lib/cm0/gcc\libblusdk.a(event.o)
                              src/ASF/thirdparty/wireless/ble_smart_sdk/ble_services/ble_mgr/ble_manager.o (at_ble_event_get)
../src/ASF/thirdparty/wireless/ble_smart_sdk/lib/cm0/gcc\libblusdk.a(gap.o)
                              src/ASF/thirdparty/wireless/ble_smart_sdk/ble_services/ble_mgr/ble_manager.o (at_ble_device_name_set)
../src/ASF/thirdparty/wireless/ble_smart_sdk/lib/cm0/gcc\libblusdk.a(gatt_client.o)
                              ../src/ASF/thirdparty/wireless/ble_smart_sdk/lib/cm0/gcc\libblusdk.a(gap.o) (init_gatt_client_module)
../src/ASF/thirdparty/wireless/ble_smart_sdk/lib/cm0/gcc\libblusdk.a(gatt_server.o)
                              ../src/ASF/thirdparty/wireless/ble_smart_sdk/lib/cm0/gcc\libblusdk.a(gap.o) (initi_gatt_server_module)
../src/ASF/thirdparty/wireless/ble_smart_sdk/lib/cm0/gcc\libblusdk.a(l2cc_task.o)
                              ../src/ASF/thirdparty/wireless/ble_smart_sdk/lib/cm0/gcc\libblusdk.a(gap.o) (init_l2cc_task_module)
../src/ASF/thirdparty/wireless/ble_smart_sdk/lib/cm0/gcc\libblusdk.a(security.o)
                              src/ASF/thirdparty/wireless/ble_smart_sdk/ble_services/ble_mgr/ble_manager.o (at_ble_authenticate)
../src/ASF/thirdparty/wireless/ble_smart_sdk/lib/cm0/gcc\libblusdk.a(htpt.o)
                              src/startup_template_app.o (at_ble_htpt_create_db)
../src/ASF/thirdparty/wireless/ble_smart_sdk/lib/cm0/gcc\libblusdk.a(interface.o)
                              ../src/ASF/thirdparty/wireless/ble_smart_sdk/lib/cm0/gcc\libblusdk.a(gap.o) (rx_callback)
../src/ASF/thirdparty/wireless/ble_smart_sdk/lib/cm0/gcc\libblusdk.a(calib_task.o)
                              ../src/ASF/thirdparty/wireless/ble_smart_sdk/lib/cm0/gcc\libblusdk.a(gap.o) (calib_config)
../src/ASF/thirdparty/wireless/ble_smart_sdk/lib/cm0/gcc\libblusdk.a(dbg_task.o)
                              ../src/ASF/thirdparty/wireless/ble_smart_sdk/lib/cm0/gcc\libblusdk.a(gap.o) (dbg_le_set_bd_addr_req_handler)
../src/ASF/thirdparty/wireless/ble_smart_sdk/lib/cm0/gcc\libblusdk.a(gapc_task.o)
                              ../src/ASF/thirdparty/wireless/ble_smart_sdk/lib/cm0/gcc\libblusdk.a(security.o) (check_ConnData_idx_role)
../src/ASF/thirdparty/wireless/ble_smart_sdk/lib/cm0/gcc\libblusdk.a(gapm_task.o)
                              ../src/ASF/thirdparty/wireless/ble_smart_sdk/lib/cm0/gcc\libblusdk.a(gap.o) (gapm_reset_req_handler)
../src/ASF/thirdparty/wireless/ble_smart_sdk/lib/cm0/gcc\libblusdk.a(gattc_task.o)
                              ../src/ASF/thirdparty/wireless/ble_smart_sdk/lib/cm0/gcc\libblusdk.a(gatt_server.o) (gattc_read_req_ind_parser)
../src/ASF/thirdparty/wireless/ble_smart_sdk/lib/cm0/gcc\libblusdk.a(gattm_task.o)
                              ../src/ASF/thirdparty/wireless/ble_smart_sdk/lib/cm0/gcc\libblusdk.a(gatt_server.o) (gattm_add_svc_req_handler)
../src/ASF/thirdparty/wireless/ble_smart_sdk/lib/cm0/gcc\libblusdk.a(htpt_task.o)
                              ../src/ASF/thirdparty/wireless/ble_smart_sdk/lib/cm0/gcc\libblusdk.a(htpt.o) (htpt_create_db_req_handler)
c:/program files (x86)/atmel/studio/7.0/toolchain/arm/arm-gnu-toolchain/bin/../lib/gcc/arm-none-eabi/5.3.1/armv6-m\libgcc.a(_thumb1_case_sqi.o)
                              ../src/ASF/thirdparty/wireless/ble_smart_sdk/lib/cm0/gcc\libblusdk.a(gap.o) (__gnu_thumb1_case_sqi)
c:/program files (x86)/atmel/studio/7.0/toolchain/arm/arm-gnu-toolchain/bin/../lib/gcc/arm-none-eabi/5.3.1/armv6-m\libgcc.a(_thumb1_case_uqi.o)
                              ../src/ASF/thirdparty/wireless/ble_smart_sdk/lib/cm0/gcc\libblusdk.a(gap.o) (__gnu_thumb1_case_uqi)
c:/program files (x86)/atmel/studio/7.0/toolchain/arm/arm-gnu-toolchain/bin/../lib/gcc/arm-none-eabi/5.3.1/armv6-m\libgcc.a(_udivsi3.o)
                              src/ASF/sam0/drivers/uart/uart.o (__aeabi_uidiv)
c:/program files (x86)/atmel/studio/7.0/toolchain/arm/arm-gnu-toolchain/bin/../lib/gcc/arm-none-eabi/5.3.1/armv6-m\libgcc.a(_dvmd_tls.o)
                              c:/program files (x86)/atmel/studio/7.0/toolchain/arm/arm-gnu-toolchain/bin/../lib/gcc/arm-none-eabi/5.3.1/armv6-m\libgcc.a(_udivsi3.o) (__aeabi_idiv0)
c:/program files (x86)/atmel/studio/7.0/toolchain/arm/arm-gnu-toolchain/bin/../lib/gcc/arm-none-eabi/5.3.1/armv6-m\libgcc.a(_fixunssfsi.o)
                              src/startup_template_app.o (__aeabi_f2uiz)
c:/program files (x86)/atmel/studio/7.0/toolchain/arm/arm-gnu-toolchain/bin/../lib/gcc/arm-none-eabi/5.3.1/armv6-m\libgcc.a(_fixunsdfsi.o)
                              src/ASF/thirdparty/wireless/ble_smart_sdk/services/uart/console_serial.o (__aeabi_d2uiz)
c:/program files (x86)/atmel/studio/7.0/toolchain/arm/arm-gnu-toolchain/bin/../lib/gcc/arm-none-eabi/5.3.1/armv6-m\libgcc.a(mulsf3.o)
[...]
Memory Configuration

Name             Origin             Length             Attributes
ram              0x10008000         0x00017800         xrw
lram             0x1001f800         0x00000800         xrw
*default*        0x00000000         0xffffffff

Linker script and memory map

LOAD c:/program files (x86)/atmel/studio/7.0/toolchain/arm/arm-gnu-toolchain/bin/../lib/gcc/arm-none-eabi/5.3.1/armv6-m/crti.o
LOAD c:/program files (x86)/atmel/studio/7.0/toolchain/arm/arm-gnu-toolchain/bin/../lib/gcc/arm-none-eabi/5.3.1/armv6-m/crtbegin.o
LOAD c:/program files (x86)/atmel/studio/7.0/toolchain/arm/arm-gnu-toolchain/bin/../lib/gcc/arm-none-eabi/5.3.1/../../../../arm-none-eabi/lib/armv6-m/crt0.o
LOAD src/ASF/common2/components/memory/eeprom/at30tse75x/at30tse75x.o
LOAD src/ASF/sam0/drivers/dma/dma_sam_b.o
LOAD src/ASF/sam0/drivers/i2c/i2c_master.o
LOAD src/ASF/sam0/drivers/i2c/i2c_master_interrupt.o
LOAD src/ASF/common/utils/interrupt/interrupt_sam_nvic.o
LOAD src/ASF/sam0/boards/samb11_xplained_pro/board_init.o
LOAD src/ASF/sam0/drivers/dualtimer/dualtimer.o
LOAD src/ASF/sam0/drivers/gpio/gpio.o
LOAD src/ASF/sam0/drivers/system/system_sam_b.o
LOAD src/ASF/sam0/drivers/timer/timer.o
LOAD src/ASF/sam0/drivers/uart/uart.o
LOAD src/ASF/sam0/utils/cmsis/samb11/source/gcc/startup_samb11.o
LOAD src/ASF/sam0/utils/cmsis/samb11/source/system_samb11.o
LOAD src/ASF/sam0/utils/stdio/read.o
LOAD src/ASF/sam0/utils/stdio/write.o
LOAD src/ASF/sam0/utils/syscalls/gcc/syscalls.o
LOAD src/ASF/thirdparty/wireless/ble_smart_sdk/ble_services/ble_mgr/ble_manager.o
LOAD src/ASF/thirdparty/wireless/ble_smart_sdk/services/dualtimer/timer_hw.o
LOAD src/ASF/thirdparty/wireless/ble_smart_sdk/services/gpio/button.o
LOAD src/ASF/thirdparty/wireless/ble_smart_sdk/services/gpio/led.o
LOAD src/ASF/thirdparty/wireless/ble_smart_sdk/services/uart/console_serial.o
LOAD src/ASF/thirdparty/wireless/ble_smart_sdk/src/event_handler.o
LOAD src/ASF/thirdparty/wireless/ble_smart_sdk/src/platform_drv.o
LOAD src/ASF/thirdparty/wireless/ble_smart_sdk/src/port_from_sdk.o
LOAD src/startup_template_app.o
START GROUP
LOAD ../src/ASF/thirdparty/CMSIS/Lib/GCC\libarm_cortexM0l_math.a
LOAD ../src/ASF/thirdparty/wireless/ble_smart_sdk/lib/cm0/gcc\libblusdk.a
LOAD c:/program files (x86)/atmel/studio/7.0/toolchain/arm/arm-gnu-toolchain/bin/../lib/gcc/arm-none-eabi/5.3.1/../../../../arm-none-eabi/lib/armv6-m\libm.a
END GROUP
START GROUP
LOAD c:/program files (x86)/atmel/studio/7.0/toolchain/arm/arm-gnu-toolchain/bin/../lib/gcc/arm-none-eabi/5.3.1/armv6-m\libgcc.a
LOAD c:/program files (x86)/atmel/studio/7.0/toolchain/arm/arm-gnu-toolchain/bin/../lib/gcc/arm-none-eabi/5.3.1/../../../../arm-none-eabi/lib/armv6-m\libc_nano.a
END GROUP
START GROUP
LOAD c:/program files (x86)/atmel/studio/7.0/toolchain/arm/arm-gnu-toolchain/bin/../lib/gcc/arm-none-eabi/5.3.1/armv6-m\libgcc.a
LOAD c:/program files (x86)/atmel/studio/7.0/toolchain/arm/arm-gnu-toolchain/bin/../lib/gcc/arm-none-eabi/5.3.1/../../../../arm-none-eabi/lib/armv6-m\libc_nano.a
END GROUP
LOAD c:/program files (x86)/atmel/studio/7.0/toolchain/arm/arm-gnu-toolchain/bin/../lib/gcc/arm-none-eabi/5.3.1/armv6-m/crtend.o
LOAD c:/program files (x86)/atmel/studio/7.0/toolchain/arm/arm-gnu-toolchain/bin/../lib/gcc/arm-none-eabi/5.3.1/armv6-m/crtn.o
                0x00000800                STACK_SIZE = DEFINED (STACK_SIZE)?STACK_SIZE:DEFINED (__stack_size__)?__stack_size__:0x800

.text           0x10008000     0xa358
                0x10008000                . = ALIGN (0x4)
                0x10008000                _sfixed = .
 *(.test.main .text.app_entry)
 .text.app_entry
                0x10008000       0x88 src/ASF/sam0/utils/cmsis/samb11/source/gcc/startup_samb11.o
                0x10008000                app_entry
 *(.text .text.* .gnu.linkonce.t.*)
 .text          0x10008088       0x60 c:/program files (x86)/atmel/studio/7.0/toolchain/arm/arm-gnu-toolchain/bin/../lib/gcc/arm-none-eabi/5.3.1/armv6-m/crtbegin.o
 .text.at30tse_init
                0x100080e8       0x48 src/ASF/common2/components/memory/eeprom/at30tse75x/at30tse75x.o
                0x100080e8                at30tse_init
 .text.at30tse_write_register
                0x10008130       0x30 src/ASF/common2/components/memory/eeprom/at30tse75x/at30tse75x.o
                0x10008130                at30tse_write_register
 .text.at30tse_write_config_register
                0x10008160       0x24 src/ASF/common2/components/memory/eeprom/at30tse75x/at30tse75x.o
                0x10008160                at30tse_write_config_register
 .text.dma_isr_handler
                0x10008184      0x110 src/ASF/sam0/drivers/dma/dma_sam_b.o
 .text.dma_get_config_defaults
                0x10008294       0x30 src/ASF/sam0/drivers/dma/dma_sam_b.o
                0x10008294                dma_get_config_defaults
 .text.dma_add_descriptor
                0x100082c4       0xa8 src/ASF/sam0/drivers/dma/dma_sam_b.o
                0x100082c4                dma_add_descriptor
 .text.dma_start_transfer_job
                0x1000836c       0x78 src/ASF/sam0/drivers/dma/dma_sam_b.o
                0x1000836c                dma_start_transfer_job
 .text.dma_allocate
                0x100083e4      0x1a8 src/ASF/sam0/drivers/dma/dma_sam_b.o
                0x100083e4                dma_allocate
 .text._i2c_master_write_packet
                0x1000858c       0x60 src/ASF/sam0/drivers/i2c/i2c_master.o
 .text.i2c_master_get_config_defaults
                0x100085ec       0x18 src/ASF/sam0/drivers/i2c/i2c_master.o
                0x100085ec                i2c_master_get_config_defaults
 .text.i2c_master_init
                0x10008604       0xe4 src/ASF/sam0/drivers/i2c/i2c_master.o
                0x10008604                i2c_master_init
 .text.i2c_master_write_packet_wait
                0x100086e8       0x30 src/ASF/sam0/drivers/i2c/i2c_master.o
                0x100086e8                i2c_master_write_packet_wait
 .text._i2c_master_isr_handler
                0x10008718      0x174 src/ASF/sam0/drivers/i2c/i2c_master_interrupt.o
                0x10008718                _i2c_master_isr_handler
 .text.dualtimer_isr_handler
                0x1000888c       0x44 src/ASF/sam0/drivers/dualtimer/dualtimer.o
 .text.dualtimer_get_config_defaults
                0x100088d0       0x24 src/ASF/sam0/drivers/dualtimer/dualtimer.o
                0x100088d0                dualtimer_get_config_defaults
 .text.dualtimer_set_counter
                0x100088f4       0x28 src/ASF/sam0/drivers/dualtimer/dualtimer.o
                0x100088f4                dualtimer_set_counter
 .text.dualtimer_enable
                0x1000891c       0x24 src/ASF/sam0/drivers/dualtimer/dualtimer.o
                0x1000891c                dualtimer_enable
 .text.dualtimer_disable
                0x10008940       0x24 src/ASF/sam0/drivers/dualtimer/dualtimer.o
                0x10008940                dualtimer_disable
 .text.dualtimer_init
                0x10008964      0x104 src/ASF/sam0/drivers/dualtimer/dualtimer.o
                0x10008964                dualtimer_init
 .text.dualtimer_register_callback
                0x10008a68       0x18 src/ASF/sam0/drivers/dualtimer/dualtimer.o
                0x10008a68                dualtimer_register_callback
 .text.gpio_get_config_defaults
                0x10008a80       0x10 src/ASF/sam0/drivers/gpio/gpio.o
                0x10008a80                gpio_get_config_defaults
 .text.gpio_pin_set_config
                0x10008a90      0x1b8 src/ASF/sam0/drivers/gpio/gpio.o
                0x10008a90                gpio_pin_set_config
 .text.gpio_pinmux_cofiguration
                0x10008c48      0x14c src/ASF/sam0/drivers/gpio/gpio.o
                0x10008c48                gpio_pinmux_cofiguration
 .text.system_clock_config
                0x10008d94       0x84 src/ASF/sam0/drivers/system/system_sam_b.o
                0x10008d94                system_clock_config
 .text.system_clock_get_value
                0x10008e18        0xc src/ASF/sam0/drivers/system/system_sam_b.o
                0x10008e18                system_clock_get_value
 .text.system_clock_peripheral_enable
                0x10008e24      0x35c src/ASF/sam0/drivers/system/system_sam_b.o
                0x10008e24                system_clock_peripheral_enable
 .text.system_peripheral_reset
                0x10009180      0x468 src/ASF/sam0/drivers/system/system_sam_b.o
                0x10009180                system_peripheral_reset
 .text.system_register_isr
                0x100095e8       0x10 src/ASF/sam0/drivers/system/system_sam_b.o
                0x100095e8                system_register_isr
 .text.uart_rx0_isr_handler
                0x100095f8       0x88 src/ASF/sam0/drivers/uart/uart.o
 .text.uart_tx0_isr_handler
                0x10009680       0x8c src/ASF/sam0/drivers/uart/uart.o
 .text.uart_rx1_isr_handler
                0x1000970c       0x88 src/ASF/sam0/drivers/uart/uart.o
 .text.uart_tx1_isr_handler
                0x10009794       0x8c src/ASF/sam0/drivers/uart/uart.o
 .text.uart_get_config_defaults
                0x10009820       0x2c src/ASF/sam0/drivers/uart/uart.o
                0x10009820                uart_get_config_defaults
 .text.uart_init
                0x1000984c      0x1bc src/ASF/sam0/drivers/uart/uart.o
                0x1000984c                uart_init
 .text.uart_write_wait
                0x10009a08       0x10 src/ASF/sam0/drivers/uart/uart.o
                0x10009a08                uart_write_wait
 .text.uart_read_wait
                0x10009a18       0x14 src/ASF/sam0/drivers/uart/uart.o
                0x10009a18                uart_read_wait
 .text.uart_read_buffer_job
                0x10009a2c       0x28 src/ASF/sam0/drivers/uart/uart.o
                0x10009a2c                uart_read_buffer_job
 .text.uart_register_callback
                0x10009a54       0x14 src/ASF/sam0/drivers/uart/uart.o
                0x10009a54                uart_register_callback
 .text.uart_enable_callback
                0x10009a68       0x20 src/ASF/sam0/drivers/uart/uart.o
                0x10009a68                uart_enable_callback
 .text.uart_disable_callback
                0x10009a88       0x20 src/ASF/sam0/drivers/uart/uart.o
                0x10009a88                uart_disable_callback
 .text.uart_enable_transmit_dma
                0x10009aa8       0x38 src/ASF/sam0/drivers/uart/uart.o
                0x10009aa8                uart_enable_transmit_dma
 .text.uart_enable_receive_dma
                0x10009ae0       0x38 src/ASF/sam0/drivers/uart/uart.o
                0x10009ae0                uart_enable_receive_dma
 .text._read    0x10009b18       0x40 src/ASF/sam0/utils/stdio/read.o
                0x10009b18                _read
 .text._write   0x10009b58       0x50 src/ASF/sam0/utils/stdio/write.o
                0x10009b58                _write
 .text._sbrk    0x10009ba8       0x24 src/ASF/sam0/utils/syscalls/gcc/syscalls.o
                0x10009ba8                _sbrk
 .text._close   0x10009bcc        0x8 src/ASF/sam0/utils/syscalls/gcc/syscalls.o
                0x10009bcc                _close
 .text._fstat   0x10009bd4        0xc src/ASF/sam0/utils/syscalls/gcc/syscalls.o
                0x10009bd4                _fstat
 .text._isatty  0x10009be0        0x4 src/ASF/sam0/utils/syscalls/gcc/syscalls.o
                0x10009be0                _isatty
 .text._lseek   0x10009be4        0x4 src/ASF/sam0/utils/syscalls/gcc/syscalls.o
                0x10009be4                _lseek
 .text.ble_undefined_event_handler
                0x10009be8        0x4 src/ASF/thirdparty/wireless/ble_smart_sdk/ble_services/ble_mgr/ble_manager.o
                0x10009be8                ble_undefined_event_handler
 .text.ble_mtu_changed_indication_handler
                0x10009bec        0x4 src/ASF/thirdparty/wireless/ble_smart_sdk/ble_services/ble_mgr/ble_manager.o
                0x10009bec                ble_mtu_changed_indication_handler
 .text.ble_characteristic_write_cmd_complete_handler
                0x10009bf0        0xc src/ASF/thirdparty/wireless/ble_smart_sdk/ble_services/ble_mgr/ble_manager.o
                0x10009bf0                ble_characteristic_write_cmd_complete_handler
 .text.ble_conn_param_update
                0x10009bfc        0x4 src/ASF/thirdparty/wireless/ble_smart_sdk/ble_services/ble_mgr/ble_manager.o
                0x10009bfc                ble_conn_param_update
 .text.ble_scan_report_handler
                0x10009c00       0x28 src/ASF/thirdparty/wireless/ble_smart_sdk/ble_services/ble_mgr/ble_manager.o
                0x10009c00                ble_scan_report_handler
 .text.ble_mtu_changed_cmd_complete_handler
                0x10009c28       0x30 src/ASF/thirdparty/wireless/ble_smart_sdk/ble_services/ble_mgr/ble_manager.o
                0x10009c28                ble_mtu_changed_cmd_complete_handler
 .text.ble_disconnected_state_handler
                0x10009c58       0x88 src/ASF/thirdparty/wireless/ble_smart_sdk/ble_services/ble_mgr/ble_manager.o
                0x10009c58                ble_disconnected_state_handler
 .text.ble_encryption_status_change_handler
                0x10009ce0       0xc4 src/ASF/thirdparty/wireless/ble_smart_sdk/ble_services/ble_mgr/ble_manager.o
                0x10009ce0                ble_encryption_status_change_handler
 .text.ble_scan_info_handler
                0x10009da4       0x80 src/ASF/thirdparty/wireless/ble_smart_sdk/ble_services/ble_mgr/ble_manager.o
                0x10009da4                ble_scan_info_handler
 .text.ble_pair_done_handler
                0x10009e24      0x120 src/ASF/thirdparty/wireless/ble_smart_sdk/ble_services/ble_mgr/ble_manager.o
                0x10009e24                ble_pair_done_handler
 .text.ble_conn_param_update_req
                0x10009f44       0x18 src/ASF/thirdparty/wireless/ble_smart_sdk/ble_services/ble_mgr/ble_manager.o
                0x10009f44                ble_conn_param_update_req
 .text.ble_slave_security_request_handler
                0x10009f5c      0x1ec src/ASF/thirdparty/wireless/ble_smart_sdk/ble_services/ble_mgr/ble_manager.o
                0x10009f5c                ble_slave_security_request_handler
 .text.ble_pair_request_handler
                0x1000a148      0x154 src/ASF/thirdparty/wireless/ble_smart_sdk/ble_services/ble_mgr/ble_manager.o
                0x1000a148                ble_pair_request_handler
 .text.ble_pair_key_request_handler
                0x1000a29c      0x144 src/ASF/thirdparty/wireless/ble_smart_sdk/ble_services/ble_mgr/ble_manager.o
                0x1000a29c                ble_pair_key_request_handler
 .text.ble_encryption_request_handler
                0x1000a3e0       0xec src/ASF/thirdparty/wireless/ble_smart_sdk/ble_services/ble_mgr/ble_manager.o
                0x1000a3e0                ble_encryption_request_handler
 .text.ble_mgr_events_callback_handler
                0x1000a4cc       0xd0 src/ASF/thirdparty/wireless/ble_smart_sdk/ble_services/ble_mgr/ble_manager.o
                0x1000a4cc                ble_mgr_events_callback_handler
 .text.ble_device_init
                0x1000a59c      0x2c0 src/ASF/thirdparty/wireless/ble_smart_sdk/ble_services/ble_mgr/ble_manager.o
                0x1000a59c                ble_device_init
 .text.ble_send_slave_sec_request
                0x1000a85c       0x34 src/ASF/thirdparty/wireless/ble_smart_sdk/ble_services/ble_mgr/ble_manager.o
                0x1000a85c                ble_send_slave_sec_request
 .text.ble_connected_state_handler
                0x1000a890      0x23c src/ASF/thirdparty/wireless/ble_smart_sdk/ble_services/ble_mgr/ble_manager.o
                0x1000a890                ble_connected_state_handler
 .text.ble_resolv_rand_addr_handler
                0x1000aacc       0xec src/ASF/thirdparty/wireless/ble_smart_sdk/ble_services/ble_mgr/ble_manager.o
                0x1000aacc                ble_resolv_rand_addr_handler
 .text.ble_event_manager
                0x1000abb8      0x128 src/ASF/thirdparty/wireless/ble_smart_sdk/ble_services/ble_mgr/ble_manager.o
                0x1000abb8                ble_event_manager
 .text.ble_event_task
                0x1000ace0       0x30 src/ASF/thirdparty/wireless/ble_smart_sdk/ble_services/ble_mgr/ble_manager.o
                0x1000ace0                ble_event_task
 .text.ble_advertisement_data_set
                0x1000ad10       0x78 src/ASF/thirdparty/wireless/ble_smart_sdk/ble_services/ble_mgr/ble_manager.o
                0x1000ad10                ble_advertisement_data_set
 .text.dualtimer_callback2
                0x1000ad88        0x4 src/ASF/thirdparty/wireless/ble_smart_sdk/services/dualtimer/timer_hw.o
                0x1000ad88                dualtimer_callback2
 .text.hw_timer_init
                0x1000ad8c       0x2c src/ASF/thirdparty/wireless/ble_smart_sdk/services/dualtimer/timer_hw.o
                0x1000ad8c                hw_timer_init
 .text.hw_timer_register_callback
                0x1000adb8       0x34 src/ASF/thirdparty/wireless/ble_smart_sdk/services/dualtimer/timer_hw.o
                0x1000adb8                hw_timer_register_callback
 .text.hw_timer_start
                0x1000adec       0x2c src/ASF/thirdparty/wireless/ble_smart_sdk/services/dualtimer/timer_hw.o
                0x1000adec                hw_timer_start
 .text.hw_timer_stop
                0x1000ae18       0x10 src/ASF/thirdparty/wireless/ble_smart_sdk/services/dualtimer/timer_hw.o
                0x1000ae18                hw_timer_stop
 .text.uart_read_complete_callback
                0x1000ae28       0x54 src/ASF/thirdparty/wireless/ble_smart_sdk/services/uart/console_serial.o
 .text.usart_serial_getchar
                0x1000ae7c       0x18 src/ASF/thirdparty/wireless/ble_smart_sdk/services/uart/console_serial.o
 .text.usart_serial_putchar
                0x1000ae94       0x18 src/ASF/thirdparty/wireless/ble_smart_sdk/services/uart/console_serial.o
 .text.serial_console_init
                0x1000aeac       0xa8 src/ASF/thirdparty/wireless/ble_smart_sdk/services/uart/console_serial.o
                0x1000aeac                serial_console_init
 .text._time_start
                0x1000af54       0x58 src/ASF/thirdparty/wireless/ble_smart_sdk/services/uart/console_serial.o
                0x1000af54                _time_start
 .text._time_done
                0x1000afac       0x10 src/ASF/thirdparty/wireless/ble_smart_sdk/services/uart/console_serial.o
                0x1000afac                _time_done
 .text.getchar_b11_timeout
                0x1000afbc       0x6c src/ASF/thirdparty/wireless/ble_smart_sdk/services/uart/console_serial.o
                0x1000afbc                getchar_b11_timeout
 .text.platform_event_free
                0x1000b028       0x10 src/ASF/thirdparty/wireless/ble_smart_sdk/src/event_handler.o
                0x1000b028                platform_event_free
 .text.platform_event_post
                0x1000b038       0x38 src/ASF/thirdparty/wireless/ble_smart_sdk/src/event_handler.o
                0x1000b038                platform_event_post
 .text.platform_event_init
                0x1000b070       0x30 src/ASF/thirdparty/wireless/ble_smart_sdk/src/event_handler.o
                0x1000b070                platform_event_init
 .text.at_ke_msg_send
                0x1000b0a0       0x78 src/ASF/thirdparty/wireless/ble_smart_sdk/src/platform_drv.o
 .text.samb11_plf_resume_callback
                0x1000b118       0x2c src/ASF/thirdparty/wireless/ble_smart_sdk/src/platform_drv.o
                0x1000b118                samb11_plf_resume_callback
 .text.init_port_list
                0x1000b144       0x44 src/ASF/thirdparty/wireless/ble_smart_sdk/src/platform_drv.o
                0x1000b144                init_port_list
 .text.init_clock
                0x1000b188       0x30 src/ASF/thirdparty/wireless/ble_smart_sdk/src/platform_drv.o
                0x1000b188                init_clock
 .text.platform_driver_init
                0x1000b1b8      0x244 src/ASF/thirdparty/wireless/ble_smart_sdk/src/platform_drv.o
                0x1000b1b8                platform_driver_init
 .text.platform_register_ble_msg_handler
                0x1000b3fc       0x1c src/ASF/thirdparty/wireless/ble_smart_sdk/src/platform_drv.o
                0x1000b3fc                platform_register_ble_msg_handler
 .text.platform_interface_send
                0x1000b418       0x50 src/ASF/thirdparty/wireless/ble_smart_sdk/src/platform_drv.o
                0x1000b418                platform_interface_send
 .text.platform_event_wait
                0x1000b468      0x264 src/ASF/thirdparty/wireless/ble_smart_sdk/src/platform_drv.o
                0x1000b468                platform_event_wait
 .text.acquire_sleep_lock
                0x1000b6cc       0x14 src/ASF/thirdparty/wireless/ble_smart_sdk/src/platform_drv.o
                0x1000b6cc                acquire_sleep_lock
 .text.release_message_lock
                0x1000b6e0       0x14 src/ASF/thirdparty/wireless/ble_smart_sdk/src/platform_drv.o
                0x1000b6e0                release_message_lock
 .text.gpio1_combined_isr_handler
                0x1000b6f4       0x70 src/ASF/thirdparty/wireless/ble_smart_sdk/src/port_from_sdk.o
                0x1000b6f4                gpio1_combined_isr_handler
 .text.gpio0_combined_isr_handler
                0x1000b764       0x6c src/ASF/thirdparty/wireless/ble_smart_sdk/src/port_from_sdk.o
                0x1000b764                gpio0_combined_isr_handler
 .text.PORT1_COMB_Handler
                0x1000b7d0       0x44 src/ASF/thirdparty/wireless/ble_smart_sdk/src/port_from_sdk.o
                0x1000b7d0                PORT1_COMB_Handler
 .text.wakeup_int_unregister_callback
                0x1000b814       0x18 src/ASF/thirdparty/wireless/ble_smart_sdk/src/port_from_sdk.o
                0x1000b814                wakeup_int_unregister_callback
 .text.wakeup_active_event_callback
                0x1000b82c       0x5c src/ASF/thirdparty/wireless/ble_smart_sdk/src/port_from_sdk.o
                0x1000b82c                wakeup_active_event_callback
 .text.app_htpt_cfg_indntf_ind_handler
                0x1000b888       0x38 src/startup_template_app.o
 .text.transfer_done_rx
                0x1000b8c0       0x38 src/startup_template_app.o
 .text.transfer_done_tx
                0x1000b8f8       0x14 src/startup_template_app.o
 .text.timer_callback_handler
                0x1000b90c       0x20 src/startup_template_app.o
 .text.ble_advertise
                0x1000b92c       0x78 src/startup_template_app.o
 .text.ble_disconnected_cb
                0x1000b9a4       0x1c src/startup_template_app.o
 .text.ble_paired_cb
                0x1000b9c0       0x44 src/startup_template_app.o
 .text.configure_gpio_pins
                0x1000ba04       0x30 src/startup_template_app.o
                0x1000ba04                configure_gpio_pins
 .text.main     0x1000ba34      0x2d0 src/startup_template_app.o
                0x1000ba34                main
 .text.internal_event_post
                0x1000bd04       0x5c ../src/ASF/thirdparty/wireless/ble_smart_sdk/lib/cm0/gcc\libblusdk.a(event.o)
                0x1000bd04                internal_event_post
 .text.internal_event_init
                0x1000bd60       0x2c ../src/ASF/thirdparty/wireless/ble_smart_sdk/lib/cm0/gcc\libblusdk.a(event.o)
                0x1000bd60                internal_event_init
 .text.special_events_handler
                0x1000bd8c       0x90 ../src/ASF/thirdparty/wireless/ble_smart_sdk/lib/cm0/gcc\libblusdk.a(event.o)
                0x1000bd8c                special_events_handler
 .text.at_ble_event_get
                0x1000be1c      0x6d8 ../src/ASF/thirdparty/wireless/ble_smart_sdk/lib/cm0/gcc\libblusdk.a(event.o)
                0x1000be1c                at_ble_event_get
 .text.internal_event_flush
                0x1000c4f4       0x44 ../src/ASF/thirdparty/wireless/ble_smart_sdk/lib/cm0/gcc\libblusdk.a(event.o)
                0x1000c4f4                internal_event_flush
 .text.internal_conn_flush
                0x1000c538       0x54 ../src/ASF/thirdparty/wireless/ble_smart_sdk/lib/cm0/gcc\libblusdk.a(event.o)
                0x1000c538                internal_conn_flush
 .text.at_ble_device_name_set
                0x1000c58c       0x34 ../src/ASF/thirdparty/wireless/ble_smart_sdk/lib/cm0/gcc\libblusdk.a(gap.o)
                0x1000c58c                at_ble_device_name_set
 .text.at_ble_addr_get
                0x1000c5c0       0x24 ../src/ASF/thirdparty/wireless/ble_smart_sdk/lib/cm0/gcc\libblusdk.a(gap.o)
                0x1000c5c0                at_ble_addr_get
 .text.at_ble_set_dev_config
                0x1000c5e4       0x90 ../src/ASF/thirdparty/wireless/ble_smart_sdk/lib/cm0/gcc\libblusdk.a(gap.o)
                0x1000c5e4                at_ble_set_dev_config
 .text.at_ble_init
                0x1000c674      0x1b4 ../src/ASF/thirdparty/wireless/ble_smart_sdk/lib/cm0/gcc\libblusdk.a(gap.o)
                0x1000c674                at_ble_init
 .text.at_ble_addr_set
                0x1000c828       0x54 ../src/ASF/thirdparty/wireless/ble_smart_sdk/lib/cm0/gcc\libblusdk.a(gap.o)
                0x1000c828                at_ble_addr_set
 .text.at_ble_adv_data_set
                0x1000c87c       0x84 ../src/ASF/thirdparty/wireless/ble_smart_sdk/lib/cm0/gcc\libblusdk.a(gap.o)
                0x1000c87c                at_ble_adv_data_set
 .text.at_ble_adv_start
                0x1000c900      0x13c ../src/ASF/thirdparty/wireless/ble_smart_sdk/lib/cm0/gcc\libblusdk.a(gap.o)
                0x1000c900                at_ble_adv_start
 .text.at_ble_scan_stop
                0x1000ca3c       0x20 ../src/ASF/thirdparty/wireless/ble_smart_sdk/lib/cm0/gcc\libblusdk.a(gap.o)
                0x1000ca3c                at_ble_scan_stop
 .text.at_ble_disconnect
                0x1000ca5c       0x20 ../src/ASF/thirdparty/wireless/ble_smart_sdk/lib/cm0/gcc\libblusdk.a(gap.o)
                0x1000ca5c                at_ble_disconnect
 .text.at_ble_conn_update_reply
                0x1000ca7c        0xc ../src/ASF/thirdparty/wireless/ble_smart_sdk/lib/cm0/gcc\libblusdk.a(gap.o)
                0x1000ca7c                at_ble_conn_update_reply
 .text.at_ble_random_address_resolve
                0x1000ca88       0x28 ../src/ASF/thirdparty/wireless/ble_smart_sdk/lib/cm0/gcc\libblusdk.a(gap.o)
                0x1000ca88                at_ble_random_address_resolve
 .text.at_ble_uuid_len2type
                0x1000cab0       0x14 ../src/ASF/thirdparty/wireless/ble_smart_sdk/lib/cm0/gcc\libblusdk.a(gap.o)
                0x1000cab0                at_ble_uuid_len2type
 .text.init_gatt_client_module
                0x1000cac4        0xc ../src/ASF/thirdparty/wireless/ble_smart_sdk/lib/cm0/gcc\libblusdk.a(gatt_client.o)
                0x1000cac4                init_gatt_client_module
 .text.db_searchATT
                0x1000cad0       0x40 ../src/ASF/thirdparty/wireless/ble_smart_sdk/lib/cm0/gcc\libblusdk.a(gatt_server.o)
 .text.at_ble_read_authorize_reply.part.1
                0x1000cb10       0x30 ../src/ASF/thirdparty/wireless/ble_smart_sdk/lib/cm0/gcc\libblusdk.a(gatt_server.o)
 .text.initi_gatt_server_module
                0x1000cb40       0x3c ../src/ASF/thirdparty/wireless/ble_smart_sdk/lib/cm0/gcc\libblusdk.a(gatt_server.o)
                0x1000cb40                initi_gatt_server_module
 .text.db_init  0x1000cb7c       0x44 ../src/ASF/thirdparty/wireless/ble_smart_sdk/lib/cm0/gcc\libblusdk.a(gatt_server.o)
                0x1000cb7c                db_init
 .text.at_ble_characteristic_value_set
                0x1000cbc0       0x3c ../src/ASF/thirdparty/wireless/ble_smart_sdk/lib/cm0/gcc\libblusdk.a(gatt_server.o)
                0x1000cbc0                at_ble_characteristic_value_set
 .text.at_ble_characteristic_value_get
                0x1000cbfc       0x40 ../src/ASF/thirdparty/wireless/ble_smart_sdk/lib/cm0/gcc\libblusdk.a(gatt_server.o)
                0x1000cbfc                at_ble_characteristic_value_get
 .text.at_ble_write_authorize_reply
                0x1000cc3c       0x88 ../src/ASF/thirdparty/wireless/ble_smart_sdk/lib/cm0/gcc\libblusdk.a(gatt_server.o)
                0x1000cc3c                at_ble_write_authorize_reply
 .text.gatts_handle_read_req
                0x1000ccc4       0x30 ../src/ASF/thirdparty/wireless/ble_smart_sdk/lib/cm0/gcc\libblusdk.a(gatt_server.o)
                0x1000ccc4                gatts_handle_read_req
 .text.gatts_handle_att_info_req
                0x1000ccf4       0x3c ../src/ASF/thirdparty/wireless/ble_smart_sdk/lib/cm0/gcc\libblusdk.a(gatt_server.o)
                0x1000ccf4                gatts_handle_att_info_req
 .text.gatts_handle_write_req
                0x1000cd30       0x30 ../src/ASF/thirdparty/wireless/ble_smart_sdk/lib/cm0/gcc\libblusdk.a(gatt_server.o)
                0x1000cd30                gatts_handle_write_req
 .text.init_l2cc_task_module
                0x1000cd60        0xc ../src/ASF/thirdparty/wireless/ble_smart_sdk/lib/cm0/gcc\libblusdk.a(l2cc_task.o)
                0x1000cd60                init_l2cc_task_module
 .text.l2cc_data_send_rsp_handler
                0x1000cd6c       0x2c ../src/ASF/thirdparty/wireless/ble_smart_sdk/lib/cm0/gcc\libblusdk.a(l2cc_task.o)
                0x1000cd6c                l2cc_data_send_rsp_handler
 .text.l2cc_data_received_handler
                0x1000cd98       0x30 ../src/ASF/thirdparty/wireless/ble_smart_sdk/lib/cm0/gcc\libblusdk.a(l2cc_task.o)
                0x1000cd98                l2cc_data_received_handler
 .text.at_ble_authenticate
                0x1000cdc8      0x130 ../src/ASF/thirdparty/wireless/ble_smart_sdk/lib/cm0/gcc\libblusdk.a(security.o)
                0x1000cdc8                at_ble_authenticate
 .text.at_ble_pair_key_reply
                0x1000cef8       0x7c ../src/ASF/thirdparty/wireless/ble_smart_sdk/lib/cm0/gcc\libblusdk.a(security.o)
                0x1000cef8                at_ble_pair_key_reply
 .text.at_ble_send_slave_sec_request
                0x1000cf74       0x40 ../src/ASF/thirdparty/wireless/ble_smart_sdk/lib/cm0/gcc\libblusdk.a(security.o)
                0x1000cf74                at_ble_send_slave_sec_request
 .text.at_ble_encryption_start
                0x1000cfb4       0x78 ../src/ASF/thirdparty/wireless/ble_smart_sdk/lib/cm0/gcc\libblusdk.a(security.o)
                0x1000cfb4                at_ble_encryption_start
 .text.at_ble_encryption_request_reply
                0x1000d02c       0x34 ../src/ASF/thirdparty/wireless/ble_smart_sdk/lib/cm0/gcc\libblusdk.a(security.o)
                0x1000d02c                at_ble_encryption_request_reply
 .text.at_ble_htpt_create_db
                0x1000d060       0x20 ../src/ASF/thirdparty/wireless/ble_smart_sdk/lib/cm0/gcc\libblusdk.a(htpt.o)
                0x1000d060                at_ble_htpt_create_db
 .text.at_ble_htpt_enable
                0x1000d080        0xc ../src/ASF/thirdparty/wireless/ble_smart_sdk/lib/cm0/gcc\libblusdk.a(htpt.o)
                0x1000d080                at_ble_htpt_enable
 .text.at_ble_htpt_temp_send
                0x1000d08c       0x1c ../src/ASF/thirdparty/wireless/ble_smart_sdk/lib/cm0/gcc\libblusdk.a(htpt.o)
                0x1000d08c                at_ble_htpt_temp_send
 .text.rx_callback
                0x1000d0a8       0x98 ../src/ASF/thirdparty/wireless/ble_smart_sdk/lib/cm0/gcc\libblusdk.a(interface.o)
                0x1000d0a8                rx_callback
 .text.interface_send
                0x1000d140       0x10 ../src/ASF/thirdparty/wireless/ble_smart_sdk/lib/cm0/gcc\libblusdk.a(interface.o)
                0x1000d140                interface_send
 .text.interface_init
                0x1000d150       0x48 ../src/ASF/thirdparty/wireless/ble_smart_sdk/lib/cm0/gcc\libblusdk.a(interface.o)
                0x1000d150                interface_init
 .text.platform_cmd_cmpl_signal
                0x1000d198        0xc ../src/ASF/thirdparty/wireless/ble_smart_sdk/lib/cm0/gcc\libblusdk.a(interface.o)
                0x1000d198                platform_cmd_cmpl_signal
 .text.platform_cmd_cmpl_wait
                0x1000d1a4       0x2c ../src/ASF/thirdparty/wireless/ble_smart_sdk/lib/cm0/gcc\libblusdk.a(interface.o)
                0x1000d1a4                platform_cmd_cmpl_wait
 .text.start_timer
                0x1000d1d0        0x2 ../src/ASF/thirdparty/wireless/ble_smart_sdk/lib/cm0/gcc\libblusdk.a(interface.o)
                0x1000d1d0                start_timer
 .text.stop_timer
                0x1000d1d2        0x2 ../src/ASF/thirdparty/wireless/ble_smart_sdk/lib/cm0/gcc\libblusdk.a(interface.o)
                0x1000d1d2                stop_timer
 .text.dbg_le_set_bd_addr_req_handler
                0x1000d1d4       0x7c ../src/ASF/thirdparty/wireless/ble_smart_sdk/lib/cm0/gcc\libblusdk.a(dbg_task.o)
                0x1000d1d4                dbg_le_set_bd_addr_req_handler
 .text.gapc_get_dev_info_cfm.constprop.1
                0x1000d250       0xc0 ../src/ASF/thirdparty/wireless/ble_smart_sdk/lib/cm0/gcc\libblusdk.a(gapc_task.o)
 .text.check_ConnData_idx_role
                0x1000d310       0x3c ../src/ASF/thirdparty/wireless/ble_smart_sdk/lib/cm0/gcc\libblusdk.a(gapc_task.o)
                0x1000d310                check_ConnData_idx_role
 .text.check_ConnData_emptyEntry
                0x1000d34c       0x28 ../src/ASF/thirdparty/wireless/ble_smart_sdk/lib/cm0/gcc\libblusdk.a(gapc_task.o)
                0x1000d34c                check_ConnData_emptyEntry
 .text.gapc_cmp_evt
                0x1000d374       0xd0 ../src/ASF/thirdparty/wireless/ble_smart_sdk/lib/cm0/gcc\libblusdk.a(gapc_task.o)
                0x1000d374                gapc_cmp_evt
 .text.gapc_connection_cfm_handler
                0x1000d444       0xc4 ../src/ASF/thirdparty/wireless/ble_smart_sdk/lib/cm0/gcc\libblusdk.a(gapc_task.o)
                0x1000d444                gapc_connection_cfm_handler
 .text.gapc_con_req_ind
                0x1000d508       0xe0 ../src/ASF/thirdparty/wireless/ble_smart_sdk/lib/cm0/gcc\libblusdk.a(gapc_task.o)
                0x1000d508                gapc_con_req_ind
 .text.gapc_disconnect_cmd_handler
                0x1000d5e8       0x44 ../src/ASF/thirdparty/wireless/ble_smart_sdk/lib/cm0/gcc\libblusdk.a(gapc_task.o)
                0x1000d5e8                gapc_disconnect_cmd_handler
 .text.gapc_disconnect_ind
                0x1000d62c       0x34 ../src/ASF/thirdparty/wireless/ble_smart_sdk/lib/cm0/gcc\libblusdk.a(gapc_task.o)
                0x1000d62c                gapc_disconnect_ind
 .text.gapc_bond_cmd_handler
                0x1000d660       0x68 ../src/ASF/thirdparty/wireless/ble_smart_sdk/lib/cm0/gcc\libblusdk.a(gapc_task.o)
                0x1000d660                gapc_bond_cmd_handler
 .text.gapc_bond_ind
                0x1000d6c8       0xd8 ../src/ASF/thirdparty/wireless/ble_smart_sdk/lib/cm0/gcc\libblusdk.a(gapc_task.o)
                0x1000d6c8                gapc_bond_ind
 .text.gapc_bond_req_ind
                0x1000d7a0       0xe0 ../src/ASF/thirdparty/wireless/ble_smart_sdk/lib/cm0/gcc\libblusdk.a(gapc_task.o)
                0x1000d7a0                gapc_bond_req_ind
 .text.gapc_bond_cfm_handler_pair_resp
                0x1000d880       0x7c ../src/ASF/thirdparty/wireless/ble_smart_sdk/lib/cm0/gcc\libblusdk.a(gapc_task.o)
                0x1000d880                gapc_bond_cfm_handler_pair_resp
 .text.gapc_bond_cfm_handler_key_exch
                0x1000d8fc       0x50 ../src/ASF/thirdparty/wireless/ble_smart_sdk/lib/cm0/gcc\libblusdk.a(gapc_task.o)
                0x1000d8fc                gapc_bond_cfm_handler_key_exch
 .text.gapc_security_cmd_handler
                0x1000d94c       0x40 ../src/ASF/thirdparty/wireless/ble_smart_sdk/lib/cm0/gcc\libblusdk.a(gapc_task.o)
                0x1000d94c                gapc_security_cmd_handler
 .text.gapc_encrypt_cmd_handler
                0x1000d98c       0x9c ../src/ASF/thirdparty/wireless/ble_smart_sdk/lib/cm0/gcc\libblusdk.a(gapc_task.o)
                0x1000d98c                gapc_encrypt_cmd_handler
 .text.gapc_encrypt_req_ind
                0x1000da28       0x20 ../src/ASF/thirdparty/wireless/ble_smart_sdk/lib/cm0/gcc\libblusdk.a(gapc_task.o)
                0x1000da28                gapc_encrypt_req_ind
 .text.gapc_encrypt_cfm_handler
                0x1000da48       0x80 ../src/ASF/thirdparty/wireless/ble_smart_sdk/lib/cm0/gcc\libblusdk.a(gapc_task.o)
                0x1000da48                gapc_encrypt_cfm_handler
 .text.gapc_encrypt_ind
                0x1000dac8        0xe ../src/ASF/thirdparty/wireless/ble_smart_sdk/lib/cm0/gcc\libblusdk.a(gapc_task.o)
                0x1000dac8                gapc_encrypt_ind
 *fill*         0x1000dad6        0x2 
 .text.gapc_param_update_cfm_handler
                0x1000dad8       0x4c ../src/ASF/thirdparty/wireless/ble_smart_sdk/lib/cm0/gcc\libblusdk.a(gapc_task.o)
                0x1000dad8                gapc_param_update_cfm_handler
 .text.gapc_param_updated_ind
                0x1000db24       0x2a ../src/ASF/thirdparty/wireless/ble_smart_sdk/lib/cm0/gcc\libblusdk.a(gapc_task.o)
                0x1000db24                gapc_param_updated_ind
 .text.gapc_param_updated_req_ind
                0x1000db4e       0x30 ../src/ASF/thirdparty/wireless/ble_smart_sdk/lib/cm0/gcc\libblusdk.a(gapc_task.o)
                0x1000db4e                gapc_param_updated_req_ind
 *fill*         0x1000db7e        0x2 
 .text.gapc_dev_info_req_ind_handler
                0x1000db80       0x28 ../src/ASF/thirdparty/wireless/ble_smart_sdk/lib/cm0/gcc\libblusdk.a(gapc_task.o)
                0x1000db80                gapc_dev_info_req_ind_handler
 .text.gapc_sec_req_ind
                0x1000dba8       0x16 ../src/ASF/thirdparty/wireless/ble_smart_sdk/lib/cm0/gcc\libblusdk.a(gapc_task.o)
                0x1000dba8                gapc_sec_req_ind
 .text.gapc_sign_counter_ind_handler
                0x1000dbbe       0x34 ../src/ASF/thirdparty/wireless/ble_smart_sdk/lib/cm0/gcc\libblusdk.a(gapc_task.o)
                0x1000dbbe                gapc_sign_counter_ind_handler
 *fill*         0x1000dbf2        0x2 
 .text.gapc_peer_att_info_ind_handler
                0x1000dbf4       0x7c ../src/ASF/thirdparty/wireless/ble_smart_sdk/lib/cm0/gcc\libblusdk.a(gapc_task.o)
                0x1000dbf4                gapc_peer_att_info_ind_handler
 .text.gapc_con_channel_map_ind_handler
                0x1000dc70       0x18 ../src/ASF/thirdparty/wireless/ble_smart_sdk/lib/cm0/gcc\libblusdk.a(gapc_task.o)
                0x1000dc70                gapc_con_channel_map_ind_handler
 .text.gapc_lecb_connected
                0x1000dc88       0x2e ../src/ASF/thirdparty/wireless/ble_smart_sdk/lib/cm0/gcc\libblusdk.a(gapc_task.o)
                0x1000dc88                gapc_lecb_connected
 .text.gapc_lecb_disconnected
                0x1000dcb6       0x16 ../src/ASF/thirdparty/wireless/ble_smart_sdk/lib/cm0/gcc\libblusdk.a(gapc_task.o)
                0x1000dcb6                gapc_lecb_disconnected
 .text.gapc_lecb_connect_req_ind
                0x1000dccc       0x2a ../src/ASF/thirdparty/wireless/ble_smart_sdk/lib/cm0/gcc\libblusdk.a(gapc_task.o)
                0x1000dccc                gapc_lecb_connect_req_ind
 .text.gapc_lecb_add_credit_resp_handler
                0x1000dcf6       0x20 ../src/ASF/thirdparty/wireless/ble_smart_sdk/lib/cm0/gcc\libblusdk.a(gapc_task.o)
                0x1000dcf6                gapc_lecb_add_credit_resp_handler
 *fill*         0x1000dd16        0x2 
 .text.gapm_reset_req_handler
                0x1000dd18       0x70 ../src/ASF/thirdparty/wireless/ble_smart_sdk/lib/cm0/gcc\libblusdk.a(gapm_task.o)
                0x1000dd18                gapm_reset_req_handler
 .text.gapm_set_dev_config_cmd_handler
                0x1000dd88      0x108 ../src/ASF/thirdparty/wireless/ble_smart_sdk/lib/cm0/gcc\libblusdk.a(gapm_task.o)
                0x1000dd88                gapm_set_dev_config_cmd_handler
 .text.gapm_get_dev_config_cmd_handler
                0x1000de90       0xe0 ../src/ASF/thirdparty/wireless/ble_smart_sdk/lib/cm0/gcc\libblusdk.a(gapm_task.o)
                0x1000de90                gapm_get_dev_config_cmd_handler
 .text.gapm_cancel_cmd_handler
                0x1000df70       0x70 ../src/ASF/thirdparty/wireless/ble_smart_sdk/lib/cm0/gcc\libblusdk.a(gapm_task.o)
                0x1000df70                gapm_cancel_cmd_handler
 .text.gapm_dev_bdaddr_ind_handler
                0x1000dfe0       0x1c ../src/ASF/thirdparty/wireless/ble_smart_sdk/lib/cm0/gcc\libblusdk.a(gapm_task.o)
                0x1000dfe0                gapm_dev_bdaddr_ind_handler
 .text.gapm_cmp_evt
                0x1000dffc      0x148 ../src/ASF/thirdparty/wireless/ble_smart_sdk/lib/cm0/gcc\libblusdk.a(gapm_task.o)
                0x1000dffc                gapm_cmp_evt
 .text.gapm_start_adv_cmd_handler
                0x1000e144      0x120 ../src/ASF/thirdparty/wireless/ble_smart_sdk/lib/cm0/gcc\libblusdk.a(gapm_task.o)
                0x1000e144                gapm_start_adv_cmd_handler
 .text.get_gap_local_addr_type
                0x1000e264       0x18 ../src/ASF/thirdparty/wireless/ble_smart_sdk/lib/cm0/gcc\libblusdk.a(gapm_task.o)
                0x1000e264                get_gap_local_addr_type
 .text.gapm_adv_report_evt_handler
                0x1000e27c       0x88 ../src/ASF/thirdparty/wireless/ble_smart_sdk/lib/cm0/gcc\libblusdk.a(gapm_task.o)
                0x1000e27c                gapm_adv_report_evt_handler
 .text.gapm_resolv_addr_cmd_handler
                0x1000e304       0x68 ../src/ASF/thirdparty/wireless/ble_smart_sdk/lib/cm0/gcc\libblusdk.a(gapm_task.o)
                0x1000e304                gapm_resolv_addr_cmd_handler
 .text.gapm_addr_solved_ind_handler
                0x1000e36c       0x24 ../src/ASF/thirdparty/wireless/ble_smart_sdk/lib/cm0/gcc\libblusdk.a(gapm_task.o)
                0x1000e36c                gapm_addr_solved_ind_handler
 .text.gapm_profile_task_add_cmd_handler
                0x1000e390       0xe8 ../src/ASF/thirdparty/wireless/ble_smart_sdk/lib/cm0/gcc\libblusdk.a(gapm_task.o)
                0x1000e390                gapm_profile_task_add_cmd_handler
 .text.gapm_profile_added_ind_handler
                0x1000e478       0x20 ../src/ASF/thirdparty/wireless/ble_smart_sdk/lib/cm0/gcc\libblusdk.a(gapm_task.o)
                0x1000e478                gapm_profile_added_ind_handler
 .text.gattc_read_req_ind_parser
                0x1000e498        0xc ../src/ASF/thirdparty/wireless/ble_smart_sdk/lib/cm0/gcc\libblusdk.a(gattc_task.o)
                0x1000e498                gattc_read_req_ind_parser
 .text.gattc_write_req_ind_parser
                0x1000e4a4       0x38 ../src/ASF/thirdparty/wireless/ble_smart_sdk/lib/cm0/gcc\libblusdk.a(gattc_task.o)
                0x1000e4a4                gattc_write_req_ind_parser
 .text.gattc_att_info_req_parser
                0x1000e4dc        0xc ../src/ASF/thirdparty/wireless/ble_smart_sdk/lib/cm0/gcc\libblusdk.a(gattc_task.o)
                0x1000e4dc                gattc_att_info_req_parser
 .text.gattc_read_cfm
                0x1000e4e8       0x6c ../src/ASF/thirdparty/wireless/ble_smart_sdk/lib/cm0/gcc\libblusdk.a(gattc_task.o)
                0x1000e4e8                gattc_read_cfm
 .text.gattc_write_cfm
                0x1000e554       0x44 ../src/ASF/thirdparty/wireless/ble_smart_sdk/lib/cm0/gcc\libblusdk.a(gattc_task.o)
                0x1000e554                gattc_write_cfm
 .text.gattc_att_info_cfm
                0x1000e598       0x48 ../src/ASF/thirdparty/wireless/ble_smart_sdk/lib/cm0/gcc\libblusdk.a(gattc_task.o)
                0x1000e598                gattc_att_info_cfm
 .text.gattc_event_cfm_handler
                0x1000e5e0       0x40 ../src/ASF/thirdparty/wireless/ble_smart_sdk/lib/cm0/gcc\libblusdk.a(gattc_task.o)
                0x1000e5e0                gattc_event_cfm_handler
 .text.gattc_disc_svc_ind_parser
                0x1000e620       0x3c ../src/ASF/thirdparty/wireless/ble_smart_sdk/lib/cm0/gcc\libblusdk.a(gattc_task.o)
                0x1000e620                gattc_disc_svc_ind_parser
 .text.gattc_disc_svc_incl_ind_parser
                0x1000e65c       0x48 ../src/ASF/thirdparty/wireless/ble_smart_sdk/lib/cm0/gcc\libblusdk.a(gattc_task.o)
                0x1000e65c                gattc_disc_svc_incl_ind_parser
 .text.gattc_disc_char_ind_parser
                0x1000e6a4       0x44 ../src/ASF/thirdparty/wireless/ble_smart_sdk/lib/cm0/gcc\libblusdk.a(gattc_task.o)
                0x1000e6a4                gattc_disc_char_ind_parser
 .text.gattc_disc_char_desc_ind_parser
                0x1000e6e8       0x34 ../src/ASF/thirdparty/wireless/ble_smart_sdk/lib/cm0/gcc\libblusdk.a(gattc_task.o)
                0x1000e6e8                gattc_disc_char_desc_ind_parser
 .text.gattc_event_ind_and_notification_parser
                0x1000e71c       0x54 ../src/ASF/thirdparty/wireless/ble_smart_sdk/lib/cm0/gcc\libblusdk.a(gattc_task.o)
                0x1000e71c                gattc_event_ind_and_notification_parser
 .text.gattc_complete_evt_handler
                0x1000e770       0x78 ../src/ASF/thirdparty/wireless/ble_smart_sdk/lib/cm0/gcc\libblusdk.a(gattc_task.o)
                0x1000e770                gattc_complete_evt_handler
 .text.gattc_event_mtu_changed_ind_parser
                0x1000e7e8       0x10 ../src/ASF/thirdparty/wireless/ble_smart_sdk/lib/cm0/gcc\libblusdk.a(gattc_task.o)
                0x1000e7e8                gattc_event_mtu_changed_ind_parser
 .text.gattc_read_ind_parser
                0x1000e7f8       0x40 ../src/ASF/thirdparty/wireless/ble_smart_sdk/lib/cm0/gcc\libblusdk.a(gattc_task.o)
                0x1000e7f8                gattc_read_ind_parser
 .text.gattc_svc_changed_cfg_ind_parser
                0x1000e838       0x10 ../src/ASF/thirdparty/wireless/ble_smart_sdk/lib/cm0/gcc\libblusdk.a(gattc_task.o)
                0x1000e838                gattc_svc_changed_cfg_ind_parser
 .text.init_gattc_task_module
                0x1000e848       0x14 ../src/ASF/thirdparty/wireless/ble_smart_sdk/lib/cm0/gcc\libblusdk.a(gattc_task.o)
                0x1000e848                init_gattc_task_module
 .text.gattm_att_set_value_req_handler
                0x1000e85c       0x8c ../src/ASF/thirdparty/wireless/ble_smart_sdk/lib/cm0/gcc\libblusdk.a(gattm_task.o)
                0x1000e85c                gattm_att_set_value_req_handler
 .text.gattm_att_get_value_req_handler
                0x1000e8e8       0x9c ../src/ASF/thirdparty/wireless/ble_smart_sdk/lib/cm0/gcc\libblusdk.a(gattm_task.o)
                0x1000e8e8                gattm_att_get_value_req_handler
 .text.htpt_create_db_req_handler
                0x1000e984       0x40 ../src/ASF/thirdparty/wireless/ble_smart_sdk/lib/cm0/gcc\libblusdk.a(htpt_task.o)
                0x1000e984                htpt_create_db_req_handler
 .text.htpt_enable_req_handler
                0x1000e9c4       0x40 ../src/ASF/thirdparty/wireless/ble_smart_sdk/lib/cm0/gcc\libblusdk.a(htpt_task.o)
                0x1000e9c4                htpt_enable_req_handler
 .text.htpt_temp_send_req_handler
                0x1000ea04       0x78 ../src/ASF/thirdparty/wireless/ble_smart_sdk/lib/cm0/gcc\libblusdk.a(htpt_task.o)
                0x1000ea04                htpt_temp_send_req_handler
 .text.htpt_enable_rsp_handler
                0x1000ea7c        0xa ../src/ASF/thirdparty/wireless/ble_smart_sdk/lib/cm0/gcc\libblusdk.a(htpt_task.o)
                0x1000ea7c                htpt_enable_rsp_handler
 .text.htpt_temp_send_rsp_handler
                0x1000ea86        0x6 ../src/ASF/thirdparty/wireless/ble_smart_sdk/lib/cm0/gcc\libblusdk.a(htpt_task.o)
                0x1000ea86                htpt_temp_send_rsp_handler
 .text.htpt_meas_intv_upd_rsp_handler
                0x1000ea8c        0x6 ../src/ASF/thirdparty/wireless/ble_smart_sdk/lib/cm0/gcc\libblusdk.a(htpt_task.o)
                0x1000ea8c                htpt_meas_intv_upd_rsp_handler
 .text.htpt_meas_intv_chg_req_ind_handler
                0x1000ea92        0xc ../src/ASF/thirdparty/wireless/ble_smart_sdk/lib/cm0/gcc\libblusdk.a(htpt_task.o)
                0x1000ea92                htpt_meas_intv_chg_req_ind_handler
 .text.htpt_cfg_indntf_ind_handler
                0x1000ea9e        0xa ../src/ASF/thirdparty/wireless/ble_smart_sdk/lib/cm0/gcc\libblusdk.a(htpt_task.o)
                0x1000ea9e                htpt_cfg_indntf_ind_handler
 .text          0x1000eaa8       0x14 c:/program files (x86)/atmel/studio/7.0/toolchain/arm/arm-gnu-toolchain/bin/../lib/gcc/arm-none-eabi/5.3.1/armv6-m\libgcc.a(_thumb1_case_sqi.o)
                0x1000eaa8                __gnu_thumb1_case_sqi
 .text          0x1000eabc       0x14 c:/program files (x86)/atmel/studio/7.0/toolchain/arm/arm-gnu-toolchain/bin/../lib/gcc/arm-none-eabi/5.3.1/armv6-m\libgcc.a(_thumb1_case_uqi.o)
                0x1000eabc                __gnu_thumb1_case_uqi
 .text          0x1000ead0      0x114 c:/program files (x86)/atmel/studio/7.0/toolchain/arm/arm-gnu-toolchain/bin/../lib/gcc/arm-none-eabi/5.3.1/armv6-m\libgcc.a(_udivsi3.o)
                0x1000ead0                __aeabi_uidiv
                0x1000ead0                __udivsi3
                0x1000ebdc                __aeabi_uidivmod
 .text          0x1000ebe4        0x4 c:/program files (x86)/atmel/studio/7.0/toolchain/arm/arm-gnu-toolchain/bin/../lib/gcc/arm-none-eabi/5.3.1/armv6-m\libgcc.a(_dvmd_tls.o)
                0x1000ebe4                __aeabi_idiv0
                0x1000ebe4                __aeabi_ldiv0
 .text          0x1000ebe8       0x30 c:/program files (x86)/atmel/studio/7.0/toolchain/arm/arm-gnu-toolchain/bin/../lib/gcc/arm-none-eabi/5.3.1/armv6-m\libgcc.a(_fixunssfsi.o)
                0x1000ebe8                __fixunssfsi
                0x1000ebe8                __aeabi_f2uiz
 .text          0x1000ec18       0x3c c:/program files (x86)/atmel/studio/7.0/toolchain/arm/arm-gnu-toolchain/bin/../lib/gcc/arm-none-eabi/5.3.1/armv6-m\libgcc.a(_fixunsdfsi.o)
                0x1000ec18                __aeabi_d2uiz
                0x1000ec18                __fixunsdfsi
 .text          0x1000ec54      0x228 c:/program files (x86)/atmel/studio/7.0/toolchain/arm/arm-gnu-toolchain/bin/../lib/gcc/arm-none-eabi/5.3.1/armv6-m\libgcc.a(mulsf3.o)
                0x1000ec54                __aeabi_fmul
 .text          0x1000ee7c      0x30c c:/program files (x86)/atmel/studio/7.0/toolchain/arm/arm-gnu-toolchain/bin/../lib/gcc/arm-none-eabi/5.3.1/armv6-m\libgcc.a(subsf3.o)
                0x1000ee7c                __aeabi_fsub
 .text          0x1000f188       0x44 c:/program files (x86)/atmel/studio/7.0/toolchain/arm/arm-gnu-toolchain/bin/../lib/gcc/arm-none-eabi/5.3.1/armv6-m\libgcc.a(fixsfsi.o)
                0x1000f188                __aeabi_f2iz
 .text          0x1000f1cc      0x4f4 c:/program files (x86)/atmel/studio/7.0/toolchain/arm/arm-gnu-toolchain/bin/../lib/gcc/arm-none-eabi/5.3.1/armv6-m\libgcc.a(muldf3.o)
                0x1000f1cc                __aeabi_dmul
 .text          0x1000f6c0      0x6a8 c:/program files (x86)/atmel/studio/7.0/toolchain/arm/arm-gnu-toolchain/bin/../lib/gcc/arm-none-eabi/5.3.1/armv6-m\libgcc.a(subdf3.o)
                0x1000f6c0                __aeabi_dsub
 .text          0x1000fd68       0x6c c:/program files (x86)/atmel/studio/7.0/toolchain/arm/arm-gnu-toolchain/bin/../lib/gcc/arm-none-eabi/5.3.1/armv6-m\libgcc.a(fixdfsi.o)
                0x1000fd68                __aeabi_d2iz
 .text          0x1000fdd4       0x70 c:/program files (x86)/atmel/studio/7.0/toolchain/arm/arm-gnu-toolchain/bin/../lib/gcc/arm-none-eabi/5.3.1/armv6-m\libgcc.a(floatunsidf.o)
                0x1000fdd4                __aeabi_ui2d
 .text          0x1000fe44       0x7c c:/program files (x86)/atmel/studio/7.0/toolchain/arm/arm-gnu-toolchain/bin/../lib/gcc/arm-none-eabi/5.3.1/armv6-m\libgcc.a(_arm_cmpdf2.o)
                0x1000fe44                __aeabi_cdrcmple
                0x1000fe54                __aeabi_cdcmple
                0x1000fe54                __aeabi_cdcmpeq
                0x1000fe64                __aeabi_dcmpeq
                0x1000fe70                __aeabi_dcmplt
                0x1000fe84                __aeabi_dcmple
                0x1000fe98                __aeabi_dcmpgt
                0x1000feac                __aeabi_dcmpge
 .text          0x1000fec0       0x74 c:/program files (x86)/atmel/studio/7.0/toolchain/arm/arm-gnu-toolchain/bin/../lib/gcc/arm-none-eabi/5.3.1/armv6-m\libgcc.a(_arm_cmpsf2.o)
                0x1000fec0                __aeabi_cfrcmple
                0x1000fec8                __aeabi_cfcmpeq
                0x1000fec8                __aeabi_cfcmple
                0x1000fed8                __aeabi_fcmpeq
                0x1000fee4                __aeabi_fcmplt
                0x1000fef8                __aeabi_fcmple
                0x1000ff0c                __aeabi_fcmpgt
                0x1000ff20                __aeabi_fcmpge
 .text          0x1000ff34       0x3c c:/program files (x86)/atmel/studio/7.0/toolchain/arm/arm-gnu-toolchain/bin/../lib/gcc/arm-none-eabi/5.3.1/armv6-m\libgcc.a(_clzsi2.o)
                0x1000ff34                __clzsi2
 .text          0x1000ff70       0x50 c:/program files (x86)/atmel/studio/7.0/toolchain/arm/arm-gnu-toolchain/bin/../lib/gcc/arm-none-eabi/5.3.1/armv6-m\libgcc.a(eqsf2.o)
                0x1000ff70                __eqsf2
                0x1000ff70                __nesf2
 .text          0x1000ffc0       0x88 c:/program files (x86)/atmel/studio/7.0/toolchain/arm/arm-gnu-toolchain/bin/../lib/gcc/arm-none-eabi/5.3.1/armv6-m\libgcc.a(gesf2.o)
                0x1000ffc0                __gesf2
                0x1000ffc0                __gtsf2
 .text          0x10010048       0x88 c:/program files (x86)/atmel/studio/7.0/toolchain/arm/arm-gnu-toolchain/bin/../lib/gcc/arm-none-eabi/5.3.1/armv6-m\libgcc.a(lesf2.o)
                0x10010048                __ltsf2
                0x10010048                __lesf2
 .text          0x100100d0       0x80 c:/program files (x86)/atmel/studio/7.0/toolchain/arm/arm-gnu-toolchain/bin/../lib/gcc/arm-none-eabi/5.3.1/armv6-m\libgcc.a(eqdf2.o)
                0x100100d0                __nedf2
                0x100100d0                __eqdf2
 .text          0x10010150       0xc8 c:/program files (x86)/atmel/studio/7.0/toolchain/arm/arm-gnu-toolchain/bin/../lib/gcc/arm-none-eabi/5.3.1/armv6-m\libgcc.a(gedf2.o)
                0x10010150                __gedf2
                0x10010150                __gtdf2
 .text          0x10010218       0xd4 c:/program files (x86)/atmel/studio/7.0/toolchain/arm/arm-gnu-toolchain/bin/../lib/gcc/arm-none-eabi/5.3.1/armv6-m\libgcc.a(ledf2.o)
                0x10010218                __ledf2
                0x10010218                __ltdf2
 .text.__libc_init_array
                0x100102ec       0x4c c:/program files (x86)/atmel/studio/7.0/toolchain/arm/arm-gnu-toolchain/bin/../lib/gcc/arm-none-eabi/5.3.1/../../../../arm-none-eabi/lib/armv6-m\libc_nano.a(lib_a-init.o)
                0x100102ec                __libc_init_array
 .text.memcmp   0x10010338       0x1e c:/program files (x86)/atmel/studio/7.0/toolchain/arm/arm-gnu-toolchain/bin/../lib/gcc/arm-none-eabi/5.3.1/../../../../arm-none-eabi/lib/armv6-m\libc_nano.a(lib_a-memcmp.o)
                0x10010338                memcmp
 .text.memcpy   0x10010356       0x12 c:/program files (x86)/atmel/studio/7.0/toolchain/arm/arm-gnu-toolchain/bin/../lib/gcc/arm-none-eabi/5.3.1/../../../../arm-none-eabi/lib/armv6-m\libc_nano.a(lib_a-memcpy-stub.o)
                0x10010356                memcpy
 .text.memset   0x10010368       0x10 c:/program files (x86)/atmel/studio/7.0/toolchain/arm/arm-gnu-toolchain/bin/../lib/gcc/arm-none-eabi/5.3.1/../../../../arm-none-eabi/lib/armv6-m\libc_nano.a(lib_a-memset.o)
                0x10010368                memset
 .text.printf   0x10010378       0x34 c:/program files (x86)/atmel/studio/7.0/toolchain/arm/arm-gnu-toolchain/bin/../lib/gcc/arm-none-eabi/5.3.1/../../../../arm-none-eabi/lib/armv6-m\libc_nano.a(lib_a-printf.o)
                0x10010378                iprintf
                0x10010378                printf
 .text.putchar  0x100103ac       0x28 c:/program files (x86)/atmel/studio/7.0/toolchain/arm/arm-gnu-toolchain/bin/../lib/gcc/arm-none-eabi/5.3.1/../../../../arm-none-eabi/lib/armv6-m\libc_nano.a(lib_a-putchar.o)
                0x100103ac                putchar
 .text._puts_r  0x100103d4       0xc4 c:/program files (x86)/atmel/studio/7.0/toolchain/arm/arm-gnu-toolchain/bin/../lib/gcc/arm-none-eabi/5.3.1/../../../../arm-none-eabi/lib/armv6-m\libc_nano.a(lib_a-puts.o)
                0x100103d4                _puts_r
 .text.puts     0x10010498       0x14 c:/program files (x86)/atmel/studio/7.0/toolchain/arm/arm-gnu-toolchain/bin/../lib/gcc/arm-none-eabi/5.3.1/../../../../arm-none-eabi/lib/armv6-m\libc_nano.a(lib_a-puts.o)
                0x10010498                puts
 .text.rand     0x100104ac       0x78 c:/program files (x86)/atmel/studio/7.0/toolchain/arm/arm-gnu-toolchain/bin/../lib/gcc/arm-none-eabi/5.3.1/../../../../arm-none-eabi/lib/armv6-m\libc_nano.a(lib_a-rand.o)
                0x100104ac                rand
 .text.setbuf   0x10010524       0x12 c:/program files (x86)/atmel/studio/7.0/toolchain/arm/arm-gnu-toolchain/bin/../lib/gcc/arm-none-eabi/5.3.1/../../../../arm-none-eabi/lib/armv6-m\libc_nano.a(lib_a-setbuf.o)
                0x10010524                setbuf
 *fill*         0x10010536        0x2 
 .text.setvbuf  0x10010538      0x160 c:/program files (x86)/atmel/studio/7.0/toolchain/arm/arm-gnu-toolchain/bin/../lib/gcc/arm-none-eabi/5.3.1/../../../../arm-none-eabi/lib/armv6-m\libc_nano.a(lib_a-setvbuf.o)
                0x10010538                setvbuf
 .text.__swbuf_r
                0x10010698       0xb0 c:/program files (x86)/atmel/studio/7.0/toolchain/arm/arm-gnu-toolchain/bin/../lib/gcc/arm-none-eabi/5.3.1/../../../../arm-none-eabi/lib/armv6-m\libc_nano.a(lib_a-wbuf.o)
                0x10010698                __swbuf_r
 .text.__swsetup_r
                0x10010748       0xec c:/program files (x86)/atmel/studio/7.0/toolchain/arm/arm-gnu-toolchain/bin/../lib/gcc/arm-none-eabi/5.3.1/../../../../arm-none-eabi/lib/armv6-m\libc_nano.a(lib_a-wsetup.o)
                0x10010748                __swsetup_r
 .text.__sflush_r
                0x10010834      0x10c c:/program files (x86)/atmel/studio/7.0/toolchain/arm/arm-gnu-toolchain/bin/../lib/gcc/arm-none-eabi/5.3.1/../../../../arm-none-eabi/lib/armv6-m\libc_nano.a(lib_a-fflush.o)
                0x10010834                __sflush_r
 .text._fflush_r
                0x10010940       0x58 c:/program files (x86)/atmel/studio/7.0/toolchain/arm/arm-gnu-toolchain/bin/../lib/gcc/arm-none-eabi/5.3.1/../../../../arm-none-eabi/lib/armv6-m\libc_nano.a(lib_a-fflush.o)
                0x10010940                _fflush_r
 .text._cleanup_r
                0x10010998       0x10 c:/program files (x86)/atmel/studio/7.0/toolchain/arm/arm-gnu-toolchain/bin/../lib/gcc/arm-none-eabi/5.3.1/../../../../arm-none-eabi/lib/armv6-m\libc_nano.a(lib_a-findfp.o)
                0x10010998                _cleanup_r
 .text.std.isra.0
                0x100109a8       0x48 c:/program files (x86)/atmel/studio/7.0/toolchain/arm/arm-gnu-toolchain/bin/../lib/gcc/arm-none-eabi/5.3.1/../../../../arm-none-eabi/lib/armv6-m\libc_nano.a(lib_a-findfp.o)
 .text.__sfmoreglue
                0x100109f0       0x2c c:/program files (x86)/atmel/studio/7.0/toolchain/arm/arm-gnu-toolchain/bin/../lib/gcc/arm-none-eabi/5.3.1/../../../../arm-none-eabi/lib/armv6-m\libc_nano.a(lib_a-findfp.o)
                0x100109f0                __sfmoreglue
 .text.__sinit  0x10010a1c       0x68 c:/program files (x86)/atmel/studio/7.0/toolchain/arm/arm-gnu-toolchain/bin/../lib/gcc/arm-none-eabi/5.3.1/../../../../arm-none-eabi/lib/armv6-m\libc_nano.a(lib_a-findfp.o)
                0x10010a1c                __sinit
 .text.__sfp    0x10010a84       0x7c c:/program files (x86)/atmel/studio/7.0/toolchain/arm/arm-gnu-toolchain/bin/../lib/gcc/arm-none-eabi/5.3.1/../../../../arm-none-eabi/lib/armv6-m\libc_nano.a(lib_a-findfp.o)
                0x10010a84                __sfp
 .text._fwalk_reent
                0x10010b00       0x42 c:/program files (x86)/atmel/studio/7.0/toolchain/arm/arm-gnu-toolchain/bin/../lib/gcc/arm-none-eabi/5.3.1/../../../../arm-none-eabi/lib/armv6-m\libc_nano.a(lib_a-fwalk.o)
                0x10010b00                _fwalk_reent
 *fill*         0x10010b42        0x2 
 .text.__swhatbuf_r
                0x10010b44       0x4c c:/program files (x86)/atmel/studio/7.0/toolchain/arm/arm-gnu-toolchain/bin/../lib/gcc/arm-none-eabi/5.3.1/../../../../arm-none-eabi/lib/armv6-m\libc_nano.a(lib_a-makebuf.o)
                0x10010b44                __swhatbuf_r
 .text.__smakebuf_r
                0x10010b90       0x7c c:/program files (x86)/atmel/studio/7.0/toolchain/arm/arm-gnu-toolchain/bin/../lib/gcc/arm-none-eabi/5.3.1/../../../../arm-none-eabi/lib/armv6-m\libc_nano.a(lib_a-makebuf.o)
                0x10010b90                __smakebuf_r
 .text.malloc   0x10010c0c       0x14 c:/program files (x86)/atmel/studio/7.0/toolchain/arm/arm-gnu-toolchain/bin/../lib/gcc/arm-none-eabi/5.3.1/../../../../arm-none-eabi/lib/armv6-m\libc_nano.a(lib_a-malloc.o)
                0x10010c0c                malloc
 .text._free_r  0x10010c20       0x8c c:/program files (x86)/atmel/studio/7.0/toolchain/arm/arm-gnu-toolchain/bin/../lib/gcc/arm-none-eabi/5.3.1/../../../../arm-none-eabi/lib/armv6-m\libc_nano.a(lib_a-nano-freer.o)
                0x10010c20                _free_r
 .text._malloc_r
                0x10010cac       0xac c:/program files (x86)/atmel/studio/7.0/toolchain/arm/arm-gnu-toolchain/bin/../lib/gcc/arm-none-eabi/5.3.1/../../../../arm-none-eabi/lib/armv6-m\libc_nano.a(lib_a-nano-mallocr.o)
                0x10010cac                _malloc_r
 .text.__sfputc_r
                0x10010d58       0x2a c:/program files (x86)/atmel/studio/7.0/toolchain/arm/arm-gnu-toolchain/bin/../lib/gcc/arm-none-eabi/5.3.1/../../../../arm-none-eabi/lib/armv6-m\libc_nano.a(lib_a-nano-vfprintf.o)
 .text.__sfputs_r
                0x10010d82       0x24 c:/program files (x86)/atmel/studio/7.0/toolchain/arm/arm-gnu-toolchain/bin/../lib/gcc/arm-none-eabi/5.3.1/../../../../arm-none-eabi/lib/armv6-m\libc_nano.a(lib_a-nano-vfprintf.o)
                0x10010d82                __sfputs_r
 *fill*         0x10010da6        0x2 
 .text._vfprintf_r
                0x10010da8      0x238 c:/program files (x86)/atmel/studio/7.0/toolchain/arm/arm-gnu-toolchain/bin/../lib/gcc/arm-none-eabi/5.3.1/../../../../arm-none-eabi/lib/armv6-m\libc_nano.a(lib_a-nano-vfprintf.o)
                0x10010da8                _vfprintf_r
                0x10010da8                _vfiprintf_r
 .text._printf_common
                0x10010fe0       0xdc c:/program files (x86)/atmel/studio/7.0/toolchain/arm/arm-gnu-toolchain/bin/../lib/gcc/arm-none-eabi/5.3.1/../../../../arm-none-eabi/lib/armv6-m\libc_nano.a(lib_a-nano-vfprintf_i.o)
                0x10010fe0                _printf_common
 .text._printf_i
                0x100110bc      0x244 c:/program files (x86)/atmel/studio/7.0/toolchain/arm/arm-gnu-toolchain/bin/../lib/gcc/arm-none-eabi/5.3.1/../../../../arm-none-eabi/lib/armv6-m\libc_nano.a(lib_a-nano-vfprintf_i.o)
                0x100110bc                _printf_i
 .text._putc_r  0x10011300       0x6c c:/program files (x86)/atmel/studio/7.0/toolchain/arm/arm-gnu-toolchain/bin/../lib/gcc/arm-none-eabi/5.3.1/../../../../arm-none-eabi/lib/armv6-m\libc_nano.a(lib_a-putc.o)
                0x10011300                _putc_r
 .text._sbrk_r  0x1001136c       0x24 c:/program files (x86)/atmel/studio/7.0/toolchain/arm/arm-gnu-toolchain/bin/../lib/gcc/arm-none-eabi/5.3.1/../../../../arm-none-eabi/lib/armv6-m\libc_nano.a(lib_a-sbrkr.o)
                0x1001136c                _sbrk_r
 .text.__sread  0x10011390       0x28 c:/program files (x86)/atmel/studio/7.0/toolchain/arm/arm-gnu-toolchain/bin/../lib/gcc/arm-none-eabi/5.3.1/../../../../arm-none-eabi/lib/armv6-m\libc_nano.a(lib_a-stdio.o)
                0x10011390                __sread
 .text.__swrite
                0x100113b8       0x38 c:/program files (x86)/atmel/studio/7.0/toolchain/arm/arm-gnu-toolchain/bin/../lib/gcc/arm-none-eabi/5.3.1/../../../../arm-none-eabi/lib/armv6-m\libc_nano.a(lib_a-stdio.o)
                0x100113b8                __swrite
 .text.__sseek  0x100113f0       0x2c c:/program files (x86)/atmel/studio/7.0/toolchain/arm/arm-gnu-toolchain/bin/../lib/gcc/arm-none-eabi/5.3.1/../../../../arm-none-eabi/lib/armv6-m\libc_nano.a(lib_a-stdio.o)
                0x100113f0                __sseek
 .text.__sclose
                0x1001141c        0xc c:/program files (x86)/atmel/studio/7.0/toolchain/arm/arm-gnu-toolchain/bin/../lib/gcc/arm-none-eabi/5.3.1/../../../../arm-none-eabi/lib/armv6-m\libc_nano.a(lib_a-stdio.o)
                0x1001141c                __sclose
 .text._write_r
                0x10011428       0x28 c:/program files (x86)/atmel/studio/7.0/toolchain/arm/arm-gnu-toolchain/bin/../lib/gcc/arm-none-eabi/5.3.1/../../../../arm-none-eabi/lib/armv6-m\libc_nano.a(lib_a-writer.o)
                0x10011428                _write_r
 .text._close_r
                0x10011450       0x24 c:/program files (x86)/atmel/studio/7.0/toolchain/arm/arm-gnu-toolchain/bin/../lib/gcc/arm-none-eabi/5.3.1/../../../../arm-none-eabi/lib/armv6-m\libc_nano.a(lib_a-closer.o)
                0x10011450                _close_r
 .text._fstat_r
                0x10011474       0x24 c:/program files (x86)/atmel/studio/7.0/toolchain/arm/arm-gnu-toolchain/bin/../lib/gcc/arm-none-eabi/5.3.1/../../../../arm-none-eabi/lib/armv6-m\libc_nano.a(lib_a-fstatr.o)
                0x10011474                _fstat_r
 .text._isatty_r
                0x10011498       0x24 c:/program files (x86)/atmel/studio/7.0/toolchain/arm/arm-gnu-toolchain/bin/../lib/gcc/arm-none-eabi/5.3.1/../../../../arm-none-eabi/lib/armv6-m\libc_nano.a(lib_a-isattyr.o)
                0x10011498                _isatty_r
 .text._lseek_r
                0x100114bc       0x28 c:/program files (x86)/atmel/studio/7.0/toolchain/arm/arm-gnu-toolchain/bin/../lib/gcc/arm-none-eabi/5.3.1/../../../../arm-none-eabi/lib/armv6-m\libc_nano.a(lib_a-lseekr.o)
                0x100114bc                _lseek_r
 .text.memchr   0x100114e4       0x16 c:/program files (x86)/atmel/studio/7.0/toolchain/arm/arm-gnu-toolchain/bin/../lib/gcc/arm-none-eabi/5.3.1/../../../../arm-none-eabi/lib/armv6-m\libc_nano.a(lib_a-memchr-stub.o)
                0x100114e4                memchr
 *fill*         0x100114fa        0x2 
 .text._read_r  0x100114fc       0x28 c:/program files (x86)/atmel/studio/7.0/toolchain/arm/arm-gnu-toolchain/bin/../lib/gcc/arm-none-eabi/5.3.1/../../../../arm-none-eabi/lib/armv6-m\libc_nano.a(lib_a-readr.o)
                0x100114fc                _read_r
 .text          0x10011524       0x58 c:/program files (x86)/atmel/studio/7.0/toolchain/arm/arm-gnu-toolchain/bin/../lib/gcc/arm-none-eabi/5.3.1/armv6-m\libgcc.a(_muldi3.o)
                0x10011524                __muldi3
                0x10011524                __aeabi_lmul
 *(.glue_7t)
 .glue_7t       0x1001157c        0x0 linker stubs
 *(.glue_7)
 .glue_7        0x1001157c        0x0 linker stubs
 *(.rodata .rodata* .gnu.linkonce.r.*)
 .rodata.system_clock_peripheral_enable
                0x1001157c       0xd8 src/ASF/sam0/drivers/system/system_sam_b.o
 .rodata.system_peripheral_reset
                0x10011654      0x110 src/ASF/sam0/drivers/system/system_sam_b.o
 .rodata.ble_disconnected_state_handler
                0x10011764       0x20 src/ASF/thirdparty/wireless/ble_smart_sdk/ble_services/ble_mgr/ble_manager.o
 .rodata.ble_mgr_events_callback_handler
                0x10011784       0x1c src/ASF/thirdparty/wireless/ble_smart_sdk/ble_services/ble_mgr/ble_manager.o
 .rodata.ble_event_manager
                0x100117a0       0xf0 src/ASF/thirdparty/wireless/ble_smart_sdk/ble_services/ble_mgr/ble_manager.o
 .rodata        0x10011890       0x19 src/ASF/thirdparty/wireless/ble_smart_sdk/ble_services/ble_mgr/ble_manager.o
 *fill*         0x100118a9        0x3 
 .rodata.ble_mgr_gatt_server_handle
                0x100118ac       0x28 src/ASF/thirdparty/wireless/ble_smart_sdk/ble_services/ble_mgr/ble_manager.o
 .rodata.str1.4
                0x100118d4      0x616 src/ASF/thirdparty/wireless/ble_smart_sdk/ble_services/ble_mgr/ble_manager.o
 *fill*         0x10011eea        0x2 
 .rodata.ble_mgr_gap_handle
                0x10011eec       0x4c src/ASF/thirdparty/wireless/ble_smart_sdk/ble_services/ble_mgr/ble_manager.o
 .rodata.app_gap_cb
                0x10011f38       0x4c src/startup_template_app.o
 .rodata.str1.4
                0x10011f84      0x258 src/startup_template_app.o
 .rodata.app_htpt_handle
                0x100121dc       0x24 src/startup_template_app.o
 .rodata        0x10012200        0xb ../src/ASF/thirdparty/wireless/ble_smart_sdk/lib/cm0/gcc\libblusdk.a(gap.o)
 .rodata.CSWTCH.47
                0x1001220b        0xf ../src/ASF/thirdparty/wireless/ble_smart_sdk/lib/cm0/gcc\libblusdk.a(gap.o)
 *fill*         0x1001221a        0x2 
 .rodata        0x1001221c       0x40 c:/program files (x86)/atmel/studio/7.0/toolchain/arm/arm-gnu-toolchain/bin/../lib/gcc/arm-none-eabi/5.3.1/armv6-m\libgcc.a(mulsf3.o)
 .rodata        0x1001225c       0x40 c:/program files (x86)/atmel/studio/7.0/toolchain/arm/arm-gnu-toolchain/bin/../lib/gcc/arm-none-eabi/5.3.1/armv6-m\libgcc.a(muldf3.o)
 .rodata.str1.1
                0x1001229c        0x2 c:/program files (x86)/atmel/studio/7.0/toolchain/arm/arm-gnu-toolchain/bin/../lib/gcc/arm-none-eabi/5.3.1/../../../../arm-none-eabi/lib/armv6-m\libc_nano.a(lib_a-impure.o)
 *fill*         0x1001229e        0x2 
 .rodata._global_impure_ptr
                0x100122a0        0x4 c:/program files (x86)/atmel/studio/7.0/toolchain/arm/arm-gnu-toolchain/bin/../lib/gcc/arm-none-eabi/5.3.1/../../../../arm-none-eabi/lib/armv6-m\libc_nano.a(lib_a-impure.o)
                0x100122a0                _global_impure_ptr
 .rodata.__sf_fake_stdin
                0x100122a4       0x20 c:/program files (x86)/atmel/studio/7.0/toolchain/arm/arm-gnu-toolchain/bin/../lib/gcc/arm-none-eabi/5.3.1/../../../../arm-none-eabi/lib/armv6-m\libc_nano.a(lib_a-findfp.o)
                0x100122a4                __sf_fake_stdin
 .rodata.__sf_fake_stdout
                0x100122c4       0x20 c:/program files (x86)/atmel/studio/7.0/toolchain/arm/arm-gnu-toolchain/bin/../lib/gcc/arm-none-eabi/5.3.1/../../../../arm-none-eabi/lib/armv6-m\libc_nano.a(lib_a-findfp.o)
                0x100122c4                __sf_fake_stdout
 .rodata.__sf_fake_stderr
                0x100122e4       0x20 c:/program files (x86)/atmel/studio/7.0/toolchain/arm/arm-gnu-toolchain/bin/../lib/gcc/arm-none-eabi/5.3.1/../../../../arm-none-eabi/lib/armv6-m\libc_nano.a(lib_a-findfp.o)
                0x100122e4                __sf_fake_stderr
 .rodata.str1.1
                0x10012304       0x11 c:/program files (x86)/atmel/studio/7.0/toolchain/arm/arm-gnu-toolchain/bin/../lib/gcc/arm-none-eabi/5.3.1/../../../../arm-none-eabi/lib/armv6-m\libc_nano.a(lib_a-nano-vfprintf.o)
 .rodata.str1.1
                0x10012315       0x22 c:/program files (x86)/atmel/studio/7.0/toolchain/arm/arm-gnu-toolchain/bin/../lib/gcc/arm-none-eabi/5.3.1/../../../../arm-none-eabi/lib/armv6-m\libc_nano.a(lib_a-nano-vfprintf_i.o)
 *(.ARM.extab* .gnu.linkonce.armextab.*)
                0x10012338                . = ALIGN (0x4)
 *fill*         0x10012337        0x1 
 *(.init)
 .init          0x10012338        0x4 c:/program files (x86)/atmel/studio/7.0/toolchain/arm/arm-gnu-toolchain/bin/../lib/gcc/arm-none-eabi/5.3.1/armv6-m/crti.o
                0x10012338                _init
 .init          0x1001233c        0x8 c:/program files (x86)/atmel/studio/7.0/toolchain/arm/arm-gnu-toolchain/bin/../lib/gcc/arm-none-eabi/5.3.1/armv6-m/crtn.o
                0x10012344                . = ALIGN (0x4)
                0x10012344                __preinit_array_start = .
 *(.preinit_array)
                0x10012344                __preinit_array_end = .
                0x10012344                . = ALIGN (0x4)
                0x10012344                __init_array_start = .
 *(SORT(.init_array.*))
 *(.init_array)
 .init_array    0x10012344        0x4 c:/program files (x86)/atmel/studio/7.0/toolchain/arm/arm-gnu-toolchain/bin/../lib/gcc/arm-none-eabi/5.3.1/armv6-m/crtbegin.o
                0x10012348                __init_array_end = .
                0x10012348                . = ALIGN (0x4)
 *crtbegin.o(.ctors)
 *(EXCLUDE_FILE(*crtend.o) .ctors)
 *(SORT(.ctors.*))
 *crtend.o(.ctors)
                0x10012348                . = ALIGN (0x4)
 *(.fini)
 .fini          0x10012348        0x4 c:/program files (x86)/atmel/studio/7.0/toolchain/arm/arm-gnu-toolchain/bin/../lib/gcc/arm-none-eabi/5.3.1/armv6-m/crti.o
                0x10012348                _fini
 .fini          0x1001234c        0x8 c:/program files (x86)/atmel/studio/7.0/toolchain/arm/arm-gnu-toolchain/bin/../lib/gcc/arm-none-eabi/5.3.1/armv6-m/crtn.o
                0x10012354                . = ALIGN (0x4)
                0x10012354                __fini_array_start = .
 *(.fini_array)
 .fini_array    0x10012354        0x4 c:/program files (x86)/atmel/studio/7.0/toolchain/arm/arm-gnu-toolchain/bin/../lib/gcc/arm-none-eabi/5.3.1/armv6-m/crtbegin.o
 *(SORT(.fini_array.*))
                0x10012358                __fini_array_end = .
 *crtbegin.o(.dtors)
 *(EXCLUDE_FILE(*crtend.o) .dtors)
 *(SORT(.dtors.*))
 *crtend.o(.dtors)
                0x10012358                . = ALIGN (0x4)
                0x10012358                _efixed = .

.vfp11_veneer   0x10012358        0x0
 .vfp11_veneer  0x10012358        0x0 linker stubs

.v4_bx          0x10012358        0x0
 .v4_bx         0x10012358        0x0 linker stubs

.iplt           0x10012358        0x0
 .iplt          0x10012358        0x0 c:/program files (x86)/atmel/studio/7.0/toolchain/arm/arm-gnu-toolchain/bin/../lib/gcc/arm-none-eabi/5.3.1/armv6-m/crtbegin.o

.eh_frame       0x10012358        0x0
 .eh_frame      0x10012358        0x0 c:/program files (x86)/atmel/studio/7.0/toolchain/arm/arm-gnu-toolchain/bin/../lib/gcc/arm-none-eabi/5.3.1/armv6-m/crtbegin.o

.rel.dyn        0x10012358        0x0
 .rel.iplt      0x10012358        0x0 c:/program files (x86)/atmel/studio/7.0/toolchain/arm/arm-gnu-toolchain/bin/../lib/gcc/arm-none-eabi/5.3.1/armv6-m/crtbegin.o

.jcr            0x10012358        0x0
 .jcr           0x10012358        0x0 c:/program files (x86)/atmel/studio/7.0/toolchain/arm/arm-gnu-toolchain/bin/../lib/gcc/arm-none-eabi/5.3.1/armv6-m/crtbegin.o

.igot.plt       0x10012358        0x0
 .igot.plt      0x10012358        0x0 c:/program files (x86)/atmel/studio/7.0/toolchain/arm/arm-gnu-toolchain/bin/../lib/gcc/arm-none-eabi/5.3.1/armv6-m/crtbegin.o
                0x10012358                . = ALIGN (0x4)
                0x10012358                _etext = .

.relocate       0x10012358       0x78
                0x10012358                . = ALIGN (0x4)
                0x10012358                _srelocate = .
 *(.ramfunc .ramfunc.*)
 *(.data .data.*)
 .data._dma_inst
                0x10012358        0xc src/ASF/sam0/drivers/dma/dma_sam_b.o
                0x10012358                _dma_inst
 .data.l2cap_avail_buffers
                0x10012364        0x1 ../src/ASF/thirdparty/wireless/ble_smart_sdk/lib/cm0/gcc\libblusdk.a(l2cc_task.o)
                0x10012364                l2cap_avail_buffers
 *fill*         0x10012365        0x3 
 .data.dummy_buffer
                0x10012368        0x4 ../src/ASF/thirdparty/wireless/ble_smart_sdk/lib/cm0/gcc\libblusdk.a(interface.o)
                0x10012368                dummy_buffer
 .data.impure_data
                0x1001236c       0x60 c:/program files (x86)/atmel/studio/7.0/toolchain/arm/arm-gnu-toolchain/bin/../lib/gcc/arm-none-eabi/5.3.1/../../../../arm-none-eabi/lib/armv6-m\libc_nano.a(lib_a-impure.o)
 .data._impure_ptr
                0x100123cc        0x4 c:/program files (x86)/atmel/studio/7.0/toolchain/arm/arm-gnu-toolchain/bin/../lib/gcc/arm-none-eabi/5.3.1/../../../../arm-none-eabi/lib/armv6-m\libc_nano.a(lib_a-impure.o)
                0x100123cc                _impure_ptr
                0x100123d0                . = ALIGN (0x4)
                0x100123d0                _erelocate = .

.bss            0x100123d0     0x2ca8
                0x100123d0                . = ALIGN (0x4)
                0x100123d0                _sbss = .
                0x100123d0                _szero = .
 *(.bss .bss.*)
 .bss           0x100123d0       0x1c c:/program files (x86)/atmel/studio/7.0/toolchain/arm/arm-gnu-toolchain/bin/../lib/gcc/arm-none-eabi/5.3.1/armv6-m/crtbegin.o
 .bss.resolution
                0x100123ec        0x1 src/ASF/common2/components/memory/eeprom/at30tse75x/at30tse75x.o
                0x100123ec                resolution
 *fill*         0x100123ed        0x3 
 .bss._dma_active_resource
                0x100123f0        0x8 src/ASF/sam0/drivers/dma/dma_sam_b.o
 .bss.dualtimer_callback_timer1
                0x100123f8        0x4 src/ASF/sam0/drivers/dualtimer/dualtimer.o
 .bss.dualtimer_callback_timer2
                0x100123fc        0x4 src/ASF/sam0/drivers/dualtimer/dualtimer.o
 .bss.heap.5286
                0x10012400        0x4 src/ASF/sam0/utils/syscalls/gcc/syscalls.o
 .bss.event_pool_memory
                0x10012404      0x400 src/ASF/thirdparty/wireless/ble_smart_sdk/ble_services/ble_mgr/ble_manager.o
                0x10012404                event_pool_memory
 .bss.att_db_data
                0x10012804      0x4e0 src/ASF/thirdparty/wireless/ble_smart_sdk/ble_services/ble_mgr/ble_manager.o
                0x10012804                att_db_data
 .bss.ble_user_event_cb
                0x10012ce4        0x4 src/ASF/thirdparty/wireless/ble_smart_sdk/ble_services/ble_mgr/ble_manager.o
                0x10012ce4                ble_user_event_cb
 .bss.scan_response_count
                0x10012ce8        0x1 src/ASF/thirdparty/wireless/ble_smart_sdk/ble_services/ble_mgr/ble_manager.o
                0x10012ce8                scan_response_count
 *fill*         0x10012ce9        0x3 
 .bss.ble_peripheral_dev_address
                0x10012cec        0x7 src/ASF/thirdparty/wireless/ble_smart_sdk/ble_services/ble_mgr/ble_manager.o
 *fill*         0x10012cf3        0x1 
 .bss.event_params_memory
                0x10012cf4     0x1000 src/ASF/thirdparty/wireless/ble_smart_sdk/ble_services/ble_mgr/ble_manager.o
                0x10012cf4                event_params_memory
 .bss.tick      0x10013cf4        0x4 src/ASF/thirdparty/wireless/ble_smart_sdk/services/uart/console_serial.o
                0x10013cf4                tick
 .bss.read_status
                0x10013cf8        0x1 src/ASF/thirdparty/wireless/ble_smart_sdk/services/uart/console_serial.o
                0x10013cf8                read_status
 *fill*         0x10013cf9        0x3 
 .bss.string_input
                0x10013cfc        0x1 src/ASF/thirdparty/wireless/ble_smart_sdk/services/uart/console_serial.o
                0x10013cfc                string_input
 *fill*         0x10013cfd        0x3 
 .bss.user_callback_func
                0x10013d00        0x4 src/ASF/thirdparty/wireless/ble_smart_sdk/services/uart/console_serial.o
                0x10013d00                user_callback_func
 .bss.platform_event_pending_list
                0x10013d04        0x4 src/ASF/thirdparty/wireless/ble_smart_sdk/src/event_handler.o
 .bss.platform_event_free_list
                0x10013d08        0x4 src/ASF/thirdparty/wireless/ble_smart_sdk/src/event_handler.o
 .bss.platform_event_pool
                0x10013d0c       0x78 src/ASF/thirdparty/wireless/ble_smart_sdk/src/event_handler.o
 .bss.ke_free   0x10013d84        0x4 src/ASF/thirdparty/wireless/ble_smart_sdk/src/platform_drv.o
 .bss.gapm_get_id_from_task
                0x10013d88        0x4 src/ASF/thirdparty/wireless/ble_smart_sdk/src/platform_drv.o
 .bss.gapm_get_task_from_id
                0x10013d8c        0x4 src/ASF/thirdparty/wireless/ble_smart_sdk/src/platform_drv.o
 .bss.rcv_msg.12904
                0x10013d90        0x4 src/ASF/thirdparty/wireless/ble_smart_sdk/src/platform_drv.o
 .bss.os_sem_up
                0x10013d94        0x4 src/ASF/thirdparty/wireless/ble_smart_sdk/src/platform_drv.o
 .bss.pwr_wait_BLE_out_of_reset
                0x10013d98        0x4 src/ASF/thirdparty/wireless/ble_smart_sdk/src/platform_drv.o
 .bss.platform_initialized
                0x10013d9c        0x1 src/ASF/thirdparty/wireless/ble_smart_sdk/src/platform_drv.o
                0x10013d9c                platform_initialized
 *fill*         0x10013d9d        0x3 
 .bss.pwr_disable_arm_wakeup
                0x10013da0        0x4 src/ASF/thirdparty/wireless/ble_smart_sdk/src/platform_drv.o
 .bss.gstrFwSem
                0x10013da4        0x4 src/ASF/thirdparty/wireless/ble_smart_sdk/src/platform_drv.o
 .bss.os_sem_down
                0x10013da8        0x4 src/ASF/thirdparty/wireless/ble_smart_sdk/src/platform_drv.o
 .bss.pwr_enable_arm_wakeup
                0x10013dac        0x4 src/ASF/thirdparty/wireless/ble_smart_sdk/src/platform_drv.o
 .bss.NMI_MsgQueueRecv
                0x10013db0        0x4 src/ASF/thirdparty/wireless/ble_smart_sdk/src/platform_drv.o
 .bss.ke_msg_send
                0x10013db4        0x4 src/ASF/thirdparty/wireless/ble_smart_sdk/src/platform_drv.o
 .bss.ke_msg_hdr.12905
                0x10013db8        0x4 src/ASF/thirdparty/wireless/ble_smart_sdk/src/platform_drv.o
 .bss.ble_stack_message_handler
                0x10013dbc        0x4 src/ASF/thirdparty/wireless/ble_smart_sdk/src/platform_drv.o
 .bss.pwr_arm_wakeup_req
                0x10013dc0        0x4 src/ASF/thirdparty/wireless/ble_smart_sdk/src/platform_drv.o
 .bss.ke_msg_alloc
                0x10013dc4        0x4 src/ASF/thirdparty/wireless/ble_smart_sdk/src/platform_drv.o
 .bss.InternalAppMsgQHandle
                0x10013dc8        0x4 src/ASF/thirdparty/wireless/ble_smart_sdk/src/platform_drv.o
 .bss.Timer_Flag
                0x10013dcc        0x1 src/startup_template_app.o
                0x10013dcc                Timer_Flag
 *fill*         0x10013dcd        0x3 
 .bss.string_rx
                0x10013dd0        0x5 src/startup_template_app.o
 .bss.Temp_Notification_Flag
                0x10013dd5        0x1 src/startup_template_app.o
                0x10013dd5                Temp_Notification_Flag
 *fill*         0x10013dd6        0x2 
 .bss.string_tx
                0x10013dd8        0x5 src/startup_template_app.o
 *fill*         0x10013ddd        0x3 
 .bss.spare_event
                0x10013de0       0x10 ../src/ASF/thirdparty/wireless/ble_smart_sdk/lib/cm0/gcc\libblusdk.a(event.o)
 .bss.spare_event_busy
                0x10013df0        0x1 ../src/ASF/thirdparty/wireless/ble_smart_sdk/lib/cm0/gcc\libblusdk.a(event.o)
 *fill*         0x10013df1        0x3 
 .bss.event_pending_list
                0x10013df4        0x4 ../src/ASF/thirdparty/wireless/ble_smart_sdk/lib/cm0/gcc\libblusdk.a(event.o)
 .bss.event_free_list
                0x10013df8        0x4 ../src/ASF/thirdparty/wireless/ble_smart_sdk/lib/cm0/gcc\libblusdk.a(event.o)
 .bss.u16GattcSeqNo
                0x10013dfc        0x2 ../src/ASF/thirdparty/wireless/ble_smart_sdk/lib/cm0/gcc\libblusdk.a(gatt_client.o)
 *fill*         0x10013dfe        0x2 
 .bss.pu8valuesBuffer
                0x10013e00        0x4 ../src/ASF/thirdparty/wireless/ble_smart_sdk/lib/cm0/gcc\libblusdk.a(gatt_server.o)
                0x10013e00                pu8valuesBuffer
 .bss.unNull    0x10013e04        0x1 ../src/ASF/thirdparty/wireless/ble_smart_sdk/lib/cm0/gcc\libblusdk.a(gatt_server.o)
                0x10013e04                unNull
 *fill*         0x10013e05        0x3 
 .bss.ptstrattDb
                0x10013e08        0x4 ../src/ASF/thirdparty/wireless/ble_smart_sdk/lib/cm0/gcc\libblusdk.a(gatt_server.o)
                0x10013e08                ptstrattDb
 .bss.pu8valuesBufferEnd
                0x10013e0c        0x4 ../src/ASF/thirdparty/wireless/ble_smart_sdk/lib/cm0/gcc\libblusdk.a(gatt_server.o)
                0x10013e0c                pu8valuesBufferEnd
 .bss.u32numberOfValues
                0x10013e10        0x4 ../src/ASF/thirdparty/wireless/ble_smart_sdk/lib/cm0/gcc\libblusdk.a(gatt_server.o)
                0x10013e10                u32numberOfValues
 .bss.u32dbMemorySize
                0x10013e14        0x4 ../src/ASF/thirdparty/wireless/ble_smart_sdk/lib/cm0/gcc\libblusdk.a(gatt_server.o)
                0x10013e14                u32dbMemorySize
 .bss.service_setup_buffer
                0x10013e18        0x4 ../src/ASF/thirdparty/wireless/ble_smart_sdk/lib/cm0/gcc\libblusdk.a(gatt_server.o)
                0x10013e18                service_setup_buffer
 .bss.event_param_buff
                0x10013e1c        0x4 ../src/ASF/thirdparty/wireless/ble_smart_sdk/lib/cm0/gcc\libblusdk.a(interface.o)
                0x10013e1c                event_param_buff
 .bss.event_param_buff_length
                0x10013e20        0x4 ../src/ASF/thirdparty/wireless/ble_smart_sdk/lib/cm0/gcc\libblusdk.a(interface.o)
                0x10013e20                event_param_buff_length
 .bss.cmd_cmpl_flag
                0x10013e24        0x4 ../src/ASF/thirdparty/wireless/ble_smart_sdk/lib/cm0/gcc\libblusdk.a(interface.o)
 .bss.dummy_key.7283
                0x10013e28       0x10 ../src/ASF/thirdparty/wireless/ble_smart_sdk/lib/cm0/gcc\libblusdk.a(gapc_task.o)
 .bss.dummy_key.7401
                0x10013e38       0x10 ../src/ASF/thirdparty/wireless/ble_smart_sdk/lib/cm0/gcc\libblusdk.a(gapc_task.o)
 .bss.dummy_key.7419
                0x10013e48       0x10 ../src/ASF/thirdparty/wireless/ble_smart_sdk/lib/cm0/gcc\libblusdk.a(gapc_task.o)
 .bss.peer_key_info
                0x10013e58       0x46 ../src/ASF/thirdparty/wireless/ble_smart_sdk/lib/cm0/gcc\libblusdk.a(gapc_task.o)
 .bss.g_seq_num_tx
                0x10013e9e        0x2 ../src/ASF/thirdparty/wireless/ble_smart_sdk/lib/cm0/gcc\libblusdk.a(gattc_task.o)
 .bss.Seq_NUM   0x10013ea0        0x2 ../src/ASF/thirdparty/wireless/ble_smart_sdk/lib/cm0/gcc\libblusdk.a(gattc_task.o)
                0x10013ea0                Seq_NUM
 *fill*         0x10013ea2        0x2 
 .bss.u32usedBuffers
                0x10013ea4        0x4 ../src/ASF/thirdparty/wireless/ble_smart_sdk/lib/cm0/gcc\libblusdk.a(gattm_task.o)
                0x10013ea4                u32usedBuffers
 .bss.__malloc_sbrk_start
                0x10013ea8        0x4 c:/program files (x86)/atmel/studio/7.0/toolchain/arm/arm-gnu-toolchain/bin/../lib/gcc/arm-none-eabi/5.3.1/../../../../arm-none-eabi/lib/armv6-m\libc_nano.a(lib_a-nano-mallocr.o)
                0x10013ea8                __malloc_sbrk_start
 .bss.__malloc_free_list
                0x10013eac        0x4 c:/program files (x86)/atmel/studio/7.0/toolchain/arm/arm-gnu-toolchain/bin/../lib/gcc/arm-none-eabi/5.3.1/../../../../arm-none-eabi/lib/armv6-m\libc_nano.a(lib_a-nano-mallocr.o)
                0x10013eac                __malloc_free_list
 *(COMMON)
 COMMON         0x10013eb0       0x20 src/ASF/common2/components/memory/eeprom/at30tse75x/at30tse75x.o
                0x10013eb0                dev_inst_at30tse75x
 COMMON         0x10013ed0        0x4 src/ASF/sam0/drivers/i2c/i2c_master_interrupt.o
                0x10013ed0                _i2c_instances
 COMMON         0x10013ed4        0x4 src/ASF/sam0/drivers/system/system_sam_b.o
                0x10013ed4                system_clock_value
 COMMON         0x10013ed8        0x8 src/ASF/sam0/drivers/uart/uart.o
                0x10013ed8                _uart_instances
 COMMON         0x10013ee0        0x4 src/ASF/sam0/utils/stdio/read.o
                0x10013ee0                ptr_get
 COMMON         0x10013ee4        0x8 src/ASF/sam0/utils/stdio/write.o
                0x10013ee4                ptr_put
                0x10013ee8                stdio_base
 COMMON         0x10013eec      0x840 src/ASF/thirdparty/wireless/ble_smart_sdk/ble_services/ble_mgr/ble_manager.o
                0x10013eec                ble_mgr_htpt_event_cb
                0x10013ef0                ble_mgr_gatt_server_event_cb
                0x10013f04                ble_dev_info
                0x10014170                ble_device_count
                0x10014174                ble_mgr_dtm_event_cb
                0x10014188                ble_mgr_gap_event_cb
                0x1001419c                ble_mgr_gatt_client_event_cb
                0x100141b0                connected_state_info
                0x100141c4                pf_cfg
                0x100141e0                event
                0x100141e4                ble_mgr_l2cap_event_cb
                0x100141e8                scan_info
                0x1001451c                ble_event_params
                0x10014728                ble_mgr_custom_event_cb
 COMMON         0x1001472c       0x4c src/ASF/thirdparty/wireless/ble_smart_sdk/services/uart/console_serial.o
                0x1001472c                uart_instance
                0x10014750                config_uart
 COMMON         0x10014778      0x2ea src/ASF/thirdparty/wireless/ble_smart_sdk/src/platform_drv.o
                0x10014778                default_samb11_clock_init
                0x10014780                rwip_prevent_sleep_set
                0x10014784                platform_unregister_isr
                0x10014788                wakeup_event_pending
                0x1001478c                rwip_prevent_sleep_clear
                0x10014790                actualfreq
                0x10014794                port_list
                0x100147c8                rx_buffer
                0x10014a48                platform_register_isr
                0x10014a4c                handle_ext_wakeup_isr
                0x10014a50                wakeup_source_active_cb
                0x10014a54                samb11_app_resume_cb
                0x10014a58                updateuartbr_fp
                0x10014a5c                apps_resume_cb
                0x10014a60                plf_event_buff_index
 *fill*         0x10014a62        0x2 
 COMMON         0x10014a64        0xc src/ASF/thirdparty/wireless/ble_smart_sdk/src/port_from_sdk.o
                0x10014a64                wakeup_source_callback
 COMMON         0x10014a70       0x85 src/startup_template_app.o
                0x10014a70                htpt_conn_handle
                0x10014a74                example_descriptor_rx
                0x10014a84                uart_dma_resource_tx
                0x10014ab4                uart_dma_resource_rx
                0x10014ae4                example_descriptor_tx
                0x10014af4                status
 *fill*         0x10014af5        0x3 
 COMMON         0x10014af8        0xc ../src/ASF/thirdparty/wireless/ble_smart_sdk/lib/cm0/gcc\libblusdk.a(event.o)
                0x10014af8                watched_event
 COMMON         0x10014b04      0x16a ../src/ASF/thirdparty/wireless/ble_smart_sdk/lib/cm0/gcc\libblusdk.a(gap.o)
                0x10014b04                app_task_type
                0x10014b06                gstrConnData
                0x10014b96                device
 *fill*         0x10014c6e        0x2 
 COMMON         0x10014c70      0x404 ../src/ASF/thirdparty/wireless/ble_smart_sdk/lib/cm0/gcc\libblusdk.a(interface.o)
                0x10014c70                event_param_buff_index
                0x10014c74                dummy_buffer_buff
                0x10014e74                interface_send_msg
 COMMON         0x10015074        0x4 c:/program files (x86)/atmel/studio/7.0/toolchain/arm/arm-gnu-toolchain/bin/../lib/gcc/arm-none-eabi/5.3.1/../../../../arm-none-eabi/lib/armv6-m\libc_nano.a(lib_a-reent.o)
                0x10015074                errno
                0x10015078                . = ALIGN (0x4)
                0x10015078                _ebss = .
                0x10015078                _ezero = .

.stack          0x10015078      0x800
                0x10015078                . = ALIGN (0x8)
                0x10015078                _sstack = .
                0x10015878                . = (. + STACK_SIZE)
 *fill*         0x10015078      0x800 
                0x10015878                . = ALIGN (0x8)
                0x10015878                _estack = .
                [!provide]                PROVIDE (__exidx_start, .)

.ARM.exidx
 *(.ARM.exidx* .gnu.linkonce.armexidx.*)
                [!provide]                PROVIDE (__exidx_end, .)
                0x10015878                . = ALIGN (0x4)
                0x10015878                _end = .
OUTPUT(STARTUP_TEMPLATE_SAMB11_XPLAINED_PRO1_BLE.elf elf32-littlearm)

.ARM.attributes
                0x00000000       0x28
 .ARM.attributes
                0x00000000       0x1e c:/program files (x86)/atmel/studio/7.0/toolchain/arm/arm-gnu-toolchain/bin/../lib/gcc/arm-none-eabi/5.3.1/armv6-m/crti.o
 .ARM.attributes